Archive member included to satisfy reference by file (symbol)

c:/st/stm32cubeide_1.4.0/stm32cubeide/plugins/com.st.stm32cube.ide.mcu.externaltools.gnu-tools-for-stm32.7-2018-q2-update.win32_1.5.0.202011040924/tools/bin/../lib/gcc/arm-none-eabi/7.3.1/../../../../arm-none-eabi/lib/thumb/v7e-m/fpv4-sp/hard\libc_nano.a(lib_a-errno.o)
                              Core/Src/syscalls.o (__errno)
c:/st/stm32cubeide_1.4.0/stm32cubeide/plugins/com.st.stm32cube.ide.mcu.externaltools.gnu-tools-for-stm32.7-2018-q2-update.win32_1.5.0.202011040924/tools/bin/../lib/gcc/arm-none-eabi/7.3.1/../../../../arm-none-eabi/lib/thumb/v7e-m/fpv4-sp/hard\libc_nano.a(lib_a-exit.o)
                              c:/st/stm32cubeide_1.4.0/stm32cubeide/plugins/com.st.stm32cube.ide.mcu.externaltools.gnu-tools-for-stm32.7-2018-q2-update.win32_1.5.0.202011040924/tools/bin/../lib/gcc/arm-none-eabi/7.3.1/../../../../arm-none-eabi/lib/thumb/v7e-m/fpv4-sp/hard/crt0.o (exit)
c:/st/stm32cubeide_1.4.0/stm32cubeide/plugins/com.st.stm32cube.ide.mcu.externaltools.gnu-tools-for-stm32.7-2018-q2-update.win32_1.5.0.202011040924/tools/bin/../lib/gcc/arm-none-eabi/7.3.1/../../../../arm-none-eabi/lib/thumb/v7e-m/fpv4-sp/hard\libc_nano.a(lib_a-impure.o)
                              c:/st/stm32cubeide_1.4.0/stm32cubeide/plugins/com.st.stm32cube.ide.mcu.externaltools.gnu-tools-for-stm32.7-2018-q2-update.win32_1.5.0.202011040924/tools/bin/../lib/gcc/arm-none-eabi/7.3.1/../../../../arm-none-eabi/lib/thumb/v7e-m/fpv4-sp/hard\libc_nano.a(lib_a-exit.o) (_global_impure_ptr)
c:/st/stm32cubeide_1.4.0/stm32cubeide/plugins/com.st.stm32cube.ide.mcu.externaltools.gnu-tools-for-stm32.7-2018-q2-update.win32_1.5.0.202011040924/tools/bin/../lib/gcc/arm-none-eabi/7.3.1/../../../../arm-none-eabi/lib/thumb/v7e-m/fpv4-sp/hard\libc_nano.a(lib_a-init.o)
                              c:/st/stm32cubeide_1.4.0/stm32cubeide/plugins/com.st.stm32cube.ide.mcu.externaltools.gnu-tools-for-stm32.7-2018-q2-update.win32_1.5.0.202011040924/tools/bin/../lib/gcc/arm-none-eabi/7.3.1/../../../../arm-none-eabi/lib/thumb/v7e-m/fpv4-sp/hard/crt0.o (__libc_init_array)
c:/st/stm32cubeide_1.4.0/stm32cubeide/plugins/com.st.stm32cube.ide.mcu.externaltools.gnu-tools-for-stm32.7-2018-q2-update.win32_1.5.0.202011040924/tools/bin/../lib/gcc/arm-none-eabi/7.3.1/../../../../arm-none-eabi/lib/thumb/v7e-m/fpv4-sp/hard\libc_nano.a(lib_a-malloc.o)
                              Middlewares/ST/STM32_USB_Host_Library/Class/MSC/Src/usbh_msc.o (malloc)
c:/st/stm32cubeide_1.4.0/stm32cubeide/plugins/com.st.stm32cube.ide.mcu.externaltools.gnu-tools-for-stm32.7-2018-q2-update.win32_1.5.0.202011040924/tools/bin/../lib/gcc/arm-none-eabi/7.3.1/../../../../arm-none-eabi/lib/thumb/v7e-m/fpv4-sp/hard\libc_nano.a(lib_a-memcpy-stub.o)
                              Middlewares/ST/STM32_USB_Host_Library/Class/MSC/Src/usbh_msc.o (memcpy)
c:/st/stm32cubeide_1.4.0/stm32cubeide/plugins/com.st.stm32cube.ide.mcu.externaltools.gnu-tools-for-stm32.7-2018-q2-update.win32_1.5.0.202011040924/tools/bin/../lib/gcc/arm-none-eabi/7.3.1/../../../../arm-none-eabi/lib/thumb/v7e-m/fpv4-sp/hard\libc_nano.a(lib_a-memset.o)
                              c:/st/stm32cubeide_1.4.0/stm32cubeide/plugins/com.st.stm32cube.ide.mcu.externaltools.gnu-tools-for-stm32.7-2018-q2-update.win32_1.5.0.202011040924/tools/bin/../lib/gcc/arm-none-eabi/7.3.1/../../../../arm-none-eabi/lib/thumb/v7e-m/fpv4-sp/hard/crt0.o (memset)
c:/st/stm32cubeide_1.4.0/stm32cubeide/plugins/com.st.stm32cube.ide.mcu.externaltools.gnu-tools-for-stm32.7-2018-q2-update.win32_1.5.0.202011040924/tools/bin/../lib/gcc/arm-none-eabi/7.3.1/../../../../arm-none-eabi/lib/thumb/v7e-m/fpv4-sp/hard\libc_nano.a(lib_a-nano-freer.o)
                              c:/st/stm32cubeide_1.4.0/stm32cubeide/plugins/com.st.stm32cube.ide.mcu.externaltools.gnu-tools-for-stm32.7-2018-q2-update.win32_1.5.0.202011040924/tools/bin/../lib/gcc/arm-none-eabi/7.3.1/../../../../arm-none-eabi/lib/thumb/v7e-m/fpv4-sp/hard\libc_nano.a(lib_a-malloc.o) (_free_r)
c:/st/stm32cubeide_1.4.0/stm32cubeide/plugins/com.st.stm32cube.ide.mcu.externaltools.gnu-tools-for-stm32.7-2018-q2-update.win32_1.5.0.202011040924/tools/bin/../lib/gcc/arm-none-eabi/7.3.1/../../../../arm-none-eabi/lib/thumb/v7e-m/fpv4-sp/hard\libc_nano.a(lib_a-nano-mallocr.o)
                              c:/st/stm32cubeide_1.4.0/stm32cubeide/plugins/com.st.stm32cube.ide.mcu.externaltools.gnu-tools-for-stm32.7-2018-q2-update.win32_1.5.0.202011040924/tools/bin/../lib/gcc/arm-none-eabi/7.3.1/../../../../arm-none-eabi/lib/thumb/v7e-m/fpv4-sp/hard\libc_nano.a(lib_a-malloc.o) (_malloc_r)
c:/st/stm32cubeide_1.4.0/stm32cubeide/plugins/com.st.stm32cube.ide.mcu.externaltools.gnu-tools-for-stm32.7-2018-q2-update.win32_1.5.0.202011040924/tools/bin/../lib/gcc/arm-none-eabi/7.3.1/../../../../arm-none-eabi/lib/thumb/v7e-m/fpv4-sp/hard\libc_nano.a(lib_a-sbrkr.o)
[...]
Memory Configuration

Name             Origin             Length             Attributes
CCMRAM           0x0000000010000000 0x0000000000010000 xrw
RAM              0x0000000020000000 0x0000000000020000 xrw
FLASH            0x0000000008000000 0x0000000000100000 xr
*default*        0x0000000000000000 0xffffffffffffffff

Linker script and memory map

LOAD c:/st/stm32cubeide_1.4.0/stm32cubeide/plugins/com.st.stm32cube.ide.mcu.externaltools.gnu-tools-for-stm32.7-2018-q2-update.win32_1.5.0.202011040924/tools/bin/../lib/gcc/arm-none-eabi/7.3.1/thumb/v7e-m/fpv4-sp/hard/crti.o
LOAD c:/st/stm32cubeide_1.4.0/stm32cubeide/plugins/com.st.stm32cube.ide.mcu.externaltools.gnu-tools-for-stm32.7-2018-q2-update.win32_1.5.0.202011040924/tools/bin/../lib/gcc/arm-none-eabi/7.3.1/thumb/v7e-m/fpv4-sp/hard/crtbegin.o
LOAD c:/st/stm32cubeide_1.4.0/stm32cubeide/plugins/com.st.stm32cube.ide.mcu.externaltools.gnu-tools-for-stm32.7-2018-q2-update.win32_1.5.0.202011040924/tools/bin/../lib/gcc/arm-none-eabi/7.3.1/../../../../arm-none-eabi/lib/thumb/v7e-m/fpv4-sp/hard/crt0.o
LOAD Core/Src/freertos.o
LOAD Core/Src/main.o
LOAD Core/Src/stm32f4xx_hal_msp.o
LOAD Core/Src/stm32f4xx_hal_timebase_tim.o
LOAD Core/Src/stm32f4xx_it.o
LOAD Core/Src/syscalls.o
LOAD Core/Src/sysmem.o
LOAD Core/Src/system_stm32f4xx.o
LOAD Core/Startup/startup_stm32f407vgtx.o
LOAD Drivers/STM32F4xx_HAL_Driver/Src/stm32f4xx_hal.o
LOAD Drivers/STM32F4xx_HAL_Driver/Src/stm32f4xx_hal_cortex.o
LOAD Drivers/STM32F4xx_HAL_Driver/Src/stm32f4xx_hal_dma.o
LOAD Drivers/STM32F4xx_HAL_Driver/Src/stm32f4xx_hal_dma_ex.o
LOAD Drivers/STM32F4xx_HAL_Driver/Src/stm32f4xx_hal_exti.o
LOAD Drivers/STM32F4xx_HAL_Driver/Src/stm32f4xx_hal_flash.o
LOAD Drivers/STM32F4xx_HAL_Driver/Src/stm32f4xx_hal_flash_ex.o
LOAD Drivers/STM32F4xx_HAL_Driver/Src/stm32f4xx_hal_flash_ramfunc.o
LOAD Drivers/STM32F4xx_HAL_Driver/Src/stm32f4xx_hal_gpio.o
LOAD Drivers/STM32F4xx_HAL_Driver/Src/stm32f4xx_hal_hcd.o
LOAD Drivers/STM32F4xx_HAL_Driver/Src/stm32f4xx_hal_i2c.o
LOAD Drivers/STM32F4xx_HAL_Driver/Src/stm32f4xx_hal_i2c_ex.o
LOAD Drivers/STM32F4xx_HAL_Driver/Src/stm32f4xx_hal_i2s.o
LOAD Drivers/STM32F4xx_HAL_Driver/Src/stm32f4xx_hal_i2s_ex.o
LOAD Drivers/STM32F4xx_HAL_Driver/Src/stm32f4xx_hal_pwr.o
LOAD Drivers/STM32F4xx_HAL_Driver/Src/stm32f4xx_hal_pwr_ex.o
LOAD Drivers/STM32F4xx_HAL_Driver/Src/stm32f4xx_hal_rcc.o
LOAD Drivers/STM32F4xx_HAL_Driver/Src/stm32f4xx_hal_rcc_ex.o
LOAD Drivers/STM32F4xx_HAL_Driver/Src/stm32f4xx_hal_spi.o
LOAD Drivers/STM32F4xx_HAL_Driver/Src/stm32f4xx_hal_tim.o
LOAD Drivers/STM32F4xx_HAL_Driver/Src/stm32f4xx_hal_tim_ex.o
LOAD Drivers/STM32F4xx_HAL_Driver/Src/stm32f4xx_hal_uart.o
LOAD Drivers/STM32F4xx_HAL_Driver/Src/stm32f4xx_ll_usb.o
LOAD FATFS/App/fatfs.o
LOAD FATFS/Target/usbh_diskio.o
LOAD Middlewares/ST/STM32_USB_Host_Library/Class/MSC/Src/usbh_msc.o
LOAD Middlewares/ST/STM32_USB_Host_Library/Class/MSC/Src/usbh_msc_bot.o
LOAD Middlewares/ST/STM32_USB_Host_Library/Class/MSC/Src/usbh_msc_scsi.o
LOAD Middlewares/ST/STM32_USB_Host_Library/Core/Src/usbh_core.o
LOAD Middlewares/ST/STM32_USB_Host_Library/Core/Src/usbh_ctlreq.o
LOAD Middlewares/ST/STM32_USB_Host_Library/Core/Src/usbh_ioreq.o
LOAD Middlewares/ST/STM32_USB_Host_Library/Core/Src/usbh_pipes.o
LOAD Middlewares/Third_Party/FatFs/src/diskio.o
LOAD Middlewares/Third_Party/FatFs/src/ff.o
LOAD Middlewares/Third_Party/FatFs/src/ff_gen_drv.o
LOAD Middlewares/Third_Party/FatFs/src/option/syscall.o
LOAD Middlewares/Third_Party/FreeRTOS/Source/CMSIS_RTOS_V2/cmsis_os2.o
LOAD Middlewares/Third_Party/FreeRTOS/Source/croutine.o
LOAD Middlewares/Third_Party/FreeRTOS/Source/event_groups.o
LOAD Middlewares/Third_Party/FreeRTOS/Source/list.o
LOAD Middlewares/Third_Party/FreeRTOS/Source/queue.o
LOAD Middlewares/Third_Party/FreeRTOS/Source/stream_buffer.o
LOAD Middlewares/Third_Party/FreeRTOS/Source/tasks.o
LOAD Middlewares/Third_Party/FreeRTOS/Source/timers.o
LOAD Middlewares/Third_Party/FreeRTOS/Source/portable/GCC/ARM_CM4F/port.o
LOAD Middlewares/Third_Party/FreeRTOS/Source/portable/MemMang/heap_4.o
LOAD USB_HOST/App/usb_host.o
LOAD USB_HOST/Target/usbh_conf.o
LOAD USB_HOST/Target/usbh_platform.o
START GROUP
LOAD c:/st/stm32cubeide_1.4.0/stm32cubeide/plugins/com.st.stm32cube.ide.mcu.externaltools.gnu-tools-for-stm32.7-2018-q2-update.win32_1.5.0.202011040924/tools/bin/../lib/gcc/arm-none-eabi/7.3.1/../../../../arm-none-eabi/lib/thumb/v7e-m/fpv4-sp/hard\libc_nano.a
LOAD c:/st/stm32cubeide_1.4.0/stm32cubeide/plugins/com.st.stm32cube.ide.mcu.externaltools.gnu-tools-for-stm32.7-2018-q2-update.win32_1.5.0.202011040924/tools/bin/../lib/gcc/arm-none-eabi/7.3.1/../../../../arm-none-eabi/lib/thumb/v7e-m/fpv4-sp/hard\libm.a
END GROUP
START GROUP
LOAD c:/st/stm32cubeide_1.4.0/stm32cubeide/plugins/com.st.stm32cube.ide.mcu.externaltools.gnu-tools-for-stm32.7-2018-q2-update.win32_1.5.0.202011040924/tools/bin/../lib/gcc/arm-none-eabi/7.3.1/thumb/v7e-m/fpv4-sp/hard\libgcc.a
LOAD c:/st/stm32cubeide_1.4.0/stm32cubeide/plugins/com.st.stm32cube.ide.mcu.externaltools.gnu-tools-for-stm32.7-2018-q2-update.win32_1.5.0.202011040924/tools/bin/../lib/gcc/arm-none-eabi/7.3.1/../../../../arm-none-eabi/lib/thumb/v7e-m/fpv4-sp/hard\libc_nano.a
END GROUP
START GROUP
LOAD c:/st/stm32cubeide_1.4.0/stm32cubeide/plugins/com.st.stm32cube.ide.mcu.externaltools.gnu-tools-for-stm32.7-2018-q2-update.win32_1.5.0.202011040924/tools/bin/../lib/gcc/arm-none-eabi/7.3.1/thumb/v7e-m/fpv4-sp/hard\libgcc.a
LOAD c:/st/stm32cubeide_1.4.0/stm32cubeide/plugins/com.st.stm32cube.ide.mcu.externaltools.gnu-tools-for-stm32.7-2018-q2-update.win32_1.5.0.202011040924/tools/bin/../lib/gcc/arm-none-eabi/7.3.1/../../../../arm-none-eabi/lib/thumb/v7e-m/fpv4-sp/hard\libc_nano.a
LOAD c:/st/stm32cubeide_1.4.0/stm32cubeide/plugins/com.st.stm32cube.ide.mcu.externaltools.gnu-tools-for-stm32.7-2018-q2-update.win32_1.5.0.202011040924/tools/bin/../lib/gcc/arm-none-eabi/7.3.1/../../../../arm-none-eabi/lib/thumb/v7e-m/fpv4-sp/hard\libnosys.a
END GROUP
START GROUP
LOAD c:/st/stm32cubeide_1.4.0/stm32cubeide/plugins/com.st.stm32cube.ide.mcu.externaltools.gnu-tools-for-stm32.7-2018-q2-update.win32_1.5.0.202011040924/tools/bin/../lib/gcc/arm-none-eabi/7.3.1/thumb/v7e-m/fpv4-sp/hard\libgcc.a
LOAD c:/st/stm32cubeide_1.4.0/stm32cubeide/plugins/com.st.stm32cube.ide.mcu.externaltools.gnu-tools-for-stm32.7-2018-q2-update.win32_1.5.0.202011040924/tools/bin/../lib/gcc/arm-none-eabi/7.3.1/../../../../arm-none-eabi/lib/thumb/v7e-m/fpv4-sp/hard\libc_nano.a
LOAD c:/st/stm32cubeide_1.4.0/stm32cubeide/plugins/com.st.stm32cube.ide.mcu.externaltools.gnu-tools-for-stm32.7-2018-q2-update.win32_1.5.0.202011040924/tools/bin/../lib/gcc/arm-none-eabi/7.3.1/../../../../arm-none-eabi/lib/thumb/v7e-m/fpv4-sp/hard\libnosys.a
END GROUP
LOAD c:/st/stm32cubeide_1.4.0/stm32cubeide/plugins/com.st.stm32cube.ide.mcu.externaltools.gnu-tools-for-stm32.7-2018-q2-update.win32_1.5.0.202011040924/tools/bin/../lib/gcc/arm-none-eabi/7.3.1/thumb/v7e-m/fpv4-sp/hard/crtend.o
LOAD c:/st/stm32cubeide_1.4.0/stm32cubeide/plugins/com.st.stm32cube.ide.mcu.externaltools.gnu-tools-for-stm32.7-2018-q2-update.win32_1.5.0.202011040924/tools/bin/../lib/gcc/arm-none-eabi/7.3.1/thumb/v7e-m/fpv4-sp/hard/crtn.o
                0x0000000020020000                _estack = (ORIGIN (RAM) + LENGTH (RAM))
                0x0000000000002000                _Min_Heap_Size = 0x2000
                0x0000000000002000                _Min_Stack_Size = 0x2000

.isr_vector     0x0000000008000000      0x188
                0x0000000008000000                . = ALIGN (0x4)
 *(.isr_vector)
 .isr_vector    0x0000000008000000      0x188 Core/Startup/startup_stm32f407vgtx.o
                0x0000000008000000                g_pfnVectors
                0x0000000008000188                . = ALIGN (0x4)

.text           0x0000000008000190     0xd4c0
                0x0000000008000190                . = ALIGN (0x4)
 *(.text)
 .text          0x0000000008000190       0x40 c:/st/stm32cubeide_1.4.0/stm32cubeide/plugins/com.st.stm32cube.ide.mcu.externaltools.gnu-tools-for-stm32.7-2018-q2-update.win32_1.5.0.202011040924/tools/bin/../lib/gcc/arm-none-eabi/7.3.1/thumb/v7e-m/fpv4-sp/hard/crtbegin.o
 .text          0x00000000080001d0       0x30 c:/st/stm32cubeide_1.4.0/stm32cubeide/plugins/com.st.stm32cube.ide.mcu.externaltools.gnu-tools-for-stm32.7-2018-q2-update.win32_1.5.0.202011040924/tools/bin/../lib/gcc/arm-none-eabi/7.3.1/thumb/v7e-m/fpv4-sp/hard\libgcc.a(_aeabi_uldivmod.o)
                0x00000000080001d0                __aeabi_uldivmod
 .text          0x0000000008000200      0x2cc c:/st/stm32cubeide_1.4.0/stm32cubeide/plugins/com.st.stm32cube.ide.mcu.externaltools.gnu-tools-for-stm32.7-2018-q2-update.win32_1.5.0.202011040924/tools/bin/../lib/gcc/arm-none-eabi/7.3.1/thumb/v7e-m/fpv4-sp/hard\libgcc.a(_udivmoddi4.o)
                0x0000000008000200                __udivmoddi4
 .text          0x00000000080004cc        0x4 c:/st/stm32cubeide_1.4.0/stm32cubeide/plugins/com.st.stm32cube.ide.mcu.externaltools.gnu-tools-for-stm32.7-2018-q2-update.win32_1.5.0.202011040924/tools/bin/../lib/gcc/arm-none-eabi/7.3.1/thumb/v7e-m/fpv4-sp/hard\libgcc.a(_dvmd_tls.o)
                0x00000000080004cc                __aeabi_idiv0
                0x00000000080004cc                __aeabi_ldiv0
 *(.text*)
 .text.main     0x00000000080004d0       0xb4 Core/Src/main.o
                0x00000000080004d0                main
 .text.SystemClock_Config
                0x0000000008000584      0x104 Core/Src/main.o
                0x0000000008000584                SystemClock_Config
 .text.MX_I2C1_Init
                0x0000000008000688       0x5c Core/Src/main.o
 .text.MX_I2S3_Init
                0x00000000080006e4       0x60 Core/Src/main.o
 .text.MX_SPI1_Init
                0x0000000008000744       0x6c Core/Src/main.o
 .text.MX_USART2_UART_Init
                0x00000000080007b0       0x54 Core/Src/main.o
 .text.MX_GPIO_Init
                0x0000000008000804      0x1fc Core/Src/main.o
 .text.StartReadFromMemory
                0x0000000008000a00       0x88 Core/Src/main.o
                0x0000000008000a00                StartReadFromMemory
 .text.StartFilter
                0x0000000008000a88       0x38 Core/Src/main.o
                0x0000000008000a88                StartFilter
 .text.StartSendUART
                0x0000000008000ac0       0x58 Core/Src/main.o
                0x0000000008000ac0                StartSendUART
 .text.HAL_TIM_PeriodElapsedCallback
                0x0000000008000b18       0x24 Core/Src/main.o
                0x0000000008000b18                HAL_TIM_PeriodElapsedCallback
 .text.Error_Handler
                0x0000000008000b3c        0x8 Core/Src/main.o
                0x0000000008000b3c                Error_Handler
 .text.HAL_MspInit
                0x0000000008000b44       0x58 Core/Src/stm32f4xx_hal_msp.o
                0x0000000008000b44                HAL_MspInit
 .text.HAL_I2C_MspInit
                0x0000000008000b9c       0x90 Core/Src/stm32f4xx_hal_msp.o
                0x0000000008000b9c                HAL_I2C_MspInit
 .text.HAL_I2S_MspInit
                0x0000000008000c2c       0xd0 Core/Src/stm32f4xx_hal_msp.o
                0x0000000008000c2c                HAL_I2S_MspInit
 .text.HAL_SPI_MspInit
                0x0000000008000cfc       0x90 Core/Src/stm32f4xx_hal_msp.o
                0x0000000008000cfc                HAL_SPI_MspInit
 .text.HAL_UART_MspInit
                0x0000000008000d8c       0xa0 Core/Src/stm32f4xx_hal_msp.o
                0x0000000008000d8c                HAL_UART_MspInit
 .text.HAL_InitTick
                0x0000000008000e2c       0xb4 Core/Src/stm32f4xx_hal_timebase_tim.o
                0x0000000008000e2c                HAL_InitTick
 .text.NMI_Handler
                0x0000000008000ee0        0x6 Core/Src/stm32f4xx_it.o
                0x0000000008000ee0                NMI_Handler
 .text.HardFault_Handler
                0x0000000008000ee6        0x6 Core/Src/stm32f4xx_it.o
                0x0000000008000ee6                HardFault_Handler
 .text.MemManage_Handler
                0x0000000008000eec        0x6 Core/Src/stm32f4xx_it.o
                0x0000000008000eec                MemManage_Handler
 .text.BusFault_Handler
                0x0000000008000ef2        0x6 Core/Src/stm32f4xx_it.o
                0x0000000008000ef2                BusFault_Handler
 .text.UsageFault_Handler
                0x0000000008000ef8        0x6 Core/Src/stm32f4xx_it.o
                0x0000000008000ef8                UsageFault_Handler
 .text.DebugMon_Handler
                0x0000000008000efe        0xe Core/Src/stm32f4xx_it.o
                0x0000000008000efe                DebugMon_Handler
 .text.USART2_IRQHandler
                0x0000000008000f0c       0x14 Core/Src/stm32f4xx_it.o
                0x0000000008000f0c                USART2_IRQHandler
 .text.TIM6_DAC_IRQHandler
                0x0000000008000f20       0x14 Core/Src/stm32f4xx_it.o
                0x0000000008000f20                TIM6_DAC_IRQHandler
 .text.OTG_FS_IRQHandler
                0x0000000008000f34       0x14 Core/Src/stm32f4xx_it.o
                0x0000000008000f34                OTG_FS_IRQHandler
 .text._sbrk    0x0000000008000f48       0x6c Core/Src/sysmem.o
                0x0000000008000f48                _sbrk
 .text.SystemInit
                0x0000000008000fb4       0x2c Core/Src/system_stm32f4xx.o
                0x0000000008000fb4                SystemInit
 .text.Reset_Handler
                0x0000000008000fe0       0x50 Core/Startup/startup_stm32f407vgtx.o
                0x0000000008000fe0                Reset_Handler
 .text.Default_Handler
                0x0000000008001030        0x2 Core/Startup/startup_stm32f407vgtx.o
                0x0000000008001030                RTC_Alarm_IRQHandler
                0x0000000008001030                HASH_RNG_IRQHandler
                0x0000000008001030                EXTI2_IRQHandler
                0x0000000008001030                TIM8_CC_IRQHandler
                0x0000000008001030                TIM1_CC_IRQHandler
                0x0000000008001030                DMA2_Stream5_IRQHandler
                0x0000000008001030                DMA1_Stream5_IRQHandler
                0x0000000008001030                PVD_IRQHandler
                0x0000000008001030                SDIO_IRQHandler
                0x0000000008001030                TAMP_STAMP_IRQHandler
                0x0000000008001030                CAN2_RX1_IRQHandler
                0x0000000008001030                EXTI3_IRQHandler
                0x0000000008001030                TIM8_TRG_COM_TIM14_IRQHandler
                0x0000000008001030                TIM1_UP_TIM10_IRQHandler
                0x0000000008001030                TIM8_UP_TIM13_IRQHandler
                0x0000000008001030                I2C3_ER_IRQHandler
                0x0000000008001030                EXTI0_IRQHandler
                0x0000000008001030                I2C2_EV_IRQHandler
                0x0000000008001030                DMA1_Stream2_IRQHandler
                0x0000000008001030                CAN1_RX0_IRQHandler
                0x0000000008001030                FPU_IRQHandler
                0x0000000008001030                OTG_HS_WKUP_IRQHandler
                0x0000000008001030                CAN2_SCE_IRQHandler
                0x0000000008001030                DMA2_Stream2_IRQHandler
                0x0000000008001030                SPI1_IRQHandler
                0x0000000008001030                TIM1_BRK_TIM9_IRQHandler
                0x0000000008001030                DCMI_IRQHandler
                0x0000000008001030                CAN2_RX0_IRQHandler
                0x0000000008001030                DMA2_Stream3_IRQHandler
                0x0000000008001030                USART6_IRQHandler
                0x0000000008001030                USART3_IRQHandler
                0x0000000008001030                CAN1_RX1_IRQHandler
                0x0000000008001030                UART5_IRQHandler
                0x0000000008001030                DMA2_Stream0_IRQHandler
                0x0000000008001030                TIM4_IRQHandler
                0x0000000008001030                I2C1_EV_IRQHandler
                0x0000000008001030                DMA1_Stream6_IRQHandler
                0x0000000008001030                DMA1_Stream1_IRQHandler
                0x0000000008001030                UART4_IRQHandler
                0x0000000008001030                TIM3_IRQHandler
                0x0000000008001030                RCC_IRQHandler
                0x0000000008001030                TIM8_BRK_TIM12_IRQHandler
                0x0000000008001030                Default_Handler
                0x0000000008001030                EXTI15_10_IRQHandler
                0x0000000008001030                ADC_IRQHandler
                0x0000000008001030                DMA1_Stream7_IRQHandler
                0x0000000008001030                TIM7_IRQHandler
                0x0000000008001030                CAN2_TX_IRQHandler
                0x0000000008001030                TIM5_IRQHandler
                0x0000000008001030                DMA2_Stream7_IRQHandler
                0x0000000008001030                I2C3_EV_IRQHandler
                0x0000000008001030                EXTI9_5_IRQHandler
                0x0000000008001030                RTC_WKUP_IRQHandler
                0x0000000008001030                ETH_WKUP_IRQHandler
                0x0000000008001030                SPI2_IRQHandler
                0x0000000008001030                OTG_HS_EP1_IN_IRQHandler
                0x0000000008001030                DMA1_Stream0_IRQHandler
                0x0000000008001030                CAN1_TX_IRQHandler
                0x0000000008001030                EXTI4_IRQHandler
                0x0000000008001030                FSMC_IRQHandler
                0x0000000008001030                ETH_IRQHandler
                0x0000000008001030                OTG_HS_EP1_OUT_IRQHandler
                0x0000000008001030                WWDG_IRQHandler
                0x0000000008001030                TIM2_IRQHandler
                0x0000000008001030                OTG_FS_WKUP_IRQHandler
                0x0000000008001030                TIM1_TRG_COM_TIM11_IRQHandler
                0x0000000008001030                OTG_HS_IRQHandler
                0x0000000008001030                EXTI1_IRQHandler
                0x0000000008001030                I2C2_ER_IRQHandler
                0x0000000008001030                DMA2_Stream1_IRQHandler
                0x0000000008001030                CAN1_SCE_IRQHandler
                0x0000000008001030                FLASH_IRQHandler
                0x0000000008001030                DMA2_Stream4_IRQHandler
                0x0000000008001030                USART1_IRQHandler
                0x0000000008001030                SPI3_IRQHandler
                0x0000000008001030                DMA1_Stream4_IRQHandler
                0x0000000008001030                I2C1_ER_IRQHandler
                0x0000000008001030                DMA2_Stream6_IRQHandler
                0x0000000008001030                DMA1_Stream3_IRQHandler
 *fill*         0x0000000008001032        0x2 
 .text.HAL_Init
                0x0000000008001034       0x44 Drivers/STM32F4xx_HAL_Driver/Src/stm32f4xx_hal.o
                0x0000000008001034                HAL_Init
 .text.HAL_IncTick
                0x0000000008001078       0x28 Drivers/STM32F4xx_HAL_Driver/Src/stm32f4xx_hal.o
                0x0000000008001078                HAL_IncTick
 .text.HAL_GetTick
                0x00000000080010a0       0x18 Drivers/STM32F4xx_HAL_Driver/Src/stm32f4xx_hal.o
                0x00000000080010a0                HAL_GetTick
 .text.HAL_Delay
                0x00000000080010b8       0x44 Drivers/STM32F4xx_HAL_Driver/Src/stm32f4xx_hal.o
                0x00000000080010b8                HAL_Delay
 .text.__NVIC_SetPriorityGrouping
                0x00000000080010fc       0x48 Drivers/STM32F4xx_HAL_Driver/Src/stm32f4xx_hal_cortex.o
 .text.__NVIC_GetPriorityGrouping
                0x0000000008001144       0x1c Drivers/STM32F4xx_HAL_Driver/Src/stm32f4xx_hal_cortex.o
 .text.__NVIC_EnableIRQ
                0x0000000008001160       0x3c Drivers/STM32F4xx_HAL_Driver/Src/stm32f4xx_hal_cortex.o
 .text.__NVIC_SetPriority
                0x000000000800119c       0x54 Drivers/STM32F4xx_HAL_Driver/Src/stm32f4xx_hal_cortex.o
 .text.NVIC_EncodePriority
                0x00000000080011f0       0x66 Drivers/STM32F4xx_HAL_Driver/Src/stm32f4xx_hal_cortex.o
 .text.HAL_NVIC_SetPriorityGrouping
                0x0000000008001256       0x16 Drivers/STM32F4xx_HAL_Driver/Src/stm32f4xx_hal_cortex.o
                0x0000000008001256                HAL_NVIC_SetPriorityGrouping
 .text.HAL_NVIC_SetPriority
                0x000000000800126c       0x38 Drivers/STM32F4xx_HAL_Driver/Src/stm32f4xx_hal_cortex.o
                0x000000000800126c                HAL_NVIC_SetPriority
 .text.HAL_NVIC_EnableIRQ
                0x00000000080012a4       0x1c Drivers/STM32F4xx_HAL_Driver/Src/stm32f4xx_hal_cortex.o
                0x00000000080012a4                HAL_NVIC_EnableIRQ
 .text.HAL_DMA_Abort_IT
                0x00000000080012c0       0x44 Drivers/STM32F4xx_HAL_Driver/Src/stm32f4xx_hal_dma.o
                0x00000000080012c0                HAL_DMA_Abort_IT
 .text.HAL_GPIO_Init
                0x0000000008001304      0x334 Drivers/STM32F4xx_HAL_Driver/Src/stm32f4xx_hal_gpio.o
                0x0000000008001304                HAL_GPIO_Init
 .text.HAL_GPIO_WritePin
                0x0000000008001638       0x32 Drivers/STM32F4xx_HAL_Driver/Src/stm32f4xx_hal_gpio.o
                0x0000000008001638                HAL_GPIO_WritePin
 .text.HAL_HCD_Init
                0x000000000800166a       0xc4 Drivers/STM32F4xx_HAL_Driver/Src/stm32f4xx_hal_hcd.o
                0x000000000800166a                HAL_HCD_Init
 .text.HAL_HCD_HC_Init
                0x000000000800172e      0x130 Drivers/STM32F4xx_HAL_Driver/Src/stm32f4xx_hal_hcd.o
                0x000000000800172e                HAL_HCD_HC_Init
 .text.HAL_HCD_HC_Halt
                0x000000000800185e       0x46 Drivers/STM32F4xx_HAL_Driver/Src/stm32f4xx_hal_hcd.o
                0x000000000800185e                HAL_HCD_HC_Halt
 .text.HAL_HCD_HC_SubmitRequest
                0x00000000080018a4      0x2e4 Drivers/STM32F4xx_HAL_Driver/Src/stm32f4xx_hal_hcd.o
                0x00000000080018a4                HAL_HCD_HC_SubmitRequest
 .text.HAL_HCD_IRQHandler
                0x0000000008001b88      0x208 Drivers/STM32F4xx_HAL_Driver/Src/stm32f4xx_hal_hcd.o
                0x0000000008001b88                HAL_HCD_IRQHandler
 .text.HAL_HCD_Start
                0x0000000008001d90       0x46 Drivers/STM32F4xx_HAL_Driver/Src/stm32f4xx_hal_hcd.o
                0x0000000008001d90                HAL_HCD_Start
 .text.HAL_HCD_Stop
                0x0000000008001dd6       0x3a Drivers/STM32F4xx_HAL_Driver/Src/stm32f4xx_hal_hcd.o
                0x0000000008001dd6                HAL_HCD_Stop
 .text.HAL_HCD_ResetPort
                0x0000000008001e10       0x1c Drivers/STM32F4xx_HAL_Driver/Src/stm32f4xx_hal_hcd.o
                0x0000000008001e10                HAL_HCD_ResetPort
 .text.HAL_HCD_HC_GetURBState
                0x0000000008001e2c       0x2a Drivers/STM32F4xx_HAL_Driver/Src/stm32f4xx_hal_hcd.o
                0x0000000008001e2c                HAL_HCD_HC_GetURBState
 .text.HAL_HCD_HC_GetXferCount
                0x0000000008001e56       0x2a Drivers/STM32F4xx_HAL_Driver/Src/stm32f4xx_hal_hcd.o
                0x0000000008001e56                HAL_HCD_HC_GetXferCount
 .text.HAL_HCD_GetCurrentFrame
                0x0000000008001e80       0x1c Drivers/STM32F4xx_HAL_Driver/Src/stm32f4xx_hal_hcd.o
                0x0000000008001e80                HAL_HCD_GetCurrentFrame
 .text.HAL_HCD_GetCurrentSpeed
                0x0000000008001e9c       0x1c Drivers/STM32F4xx_HAL_Driver/Src/stm32f4xx_hal_hcd.o
                0x0000000008001e9c                HAL_HCD_GetCurrentSpeed
 .text.HCD_HC_IN_IRQHandler
                0x0000000008001eb8      0x86a Drivers/STM32F4xx_HAL_Driver/Src/stm32f4xx_hal_hcd.o
 .text.HCD_HC_OUT_IRQHandler
                0x0000000008002722      0x6ea Drivers/STM32F4xx_HAL_Driver/Src/stm32f4xx_hal_hcd.o
 .text.HCD_RXQLVL_IRQHandler
                0x0000000008002e0c      0x158 Drivers/STM32F4xx_HAL_Driver/Src/stm32f4xx_hal_hcd.o
 .text.HCD_Port_IRQHandler
                0x0000000008002f64       0xe6 Drivers/STM32F4xx_HAL_Driver/Src/stm32f4xx_hal_hcd.o
 *fill*         0x000000000800304a        0x2 
 .text.HAL_I2C_Init
                0x000000000800304c      0x270 Drivers/STM32F4xx_HAL_Driver/Src/stm32f4xx_hal_i2c.o
                0x000000000800304c                HAL_I2C_Init
 .text.HAL_I2S_Init
                0x00000000080032bc      0x280 Drivers/STM32F4xx_HAL_Driver/Src/stm32f4xx_hal_i2s.o
                0x00000000080032bc                HAL_I2S_Init
 .text.HAL_I2S_TxCpltCallback
                0x000000000800353c       0x14 Drivers/STM32F4xx_HAL_Driver/Src/stm32f4xx_hal_i2s.o
                0x000000000800353c                HAL_I2S_TxCpltCallback
 .text.HAL_I2S_RxCpltCallback
                0x0000000008003550       0x14 Drivers/STM32F4xx_HAL_Driver/Src/stm32f4xx_hal_i2s.o
                0x0000000008003550                HAL_I2S_RxCpltCallback
 .text.HAL_I2S_ErrorCallback
                0x0000000008003564       0x14 Drivers/STM32F4xx_HAL_Driver/Src/stm32f4xx_hal_i2s.o
                0x0000000008003564                HAL_I2S_ErrorCallback
 .text.I2S_Transmit_IT
                0x0000000008003578       0x5c Drivers/STM32F4xx_HAL_Driver/Src/stm32f4xx_hal_i2s.o
 .text.I2S_Receive_IT
                0x00000000080035d4       0x5e Drivers/STM32F4xx_HAL_Driver/Src/stm32f4xx_hal_i2s.o
 .text.I2S_IRQHandler
                0x0000000008003632      0x114 Drivers/STM32F4xx_HAL_Driver/Src/stm32f4xx_hal_i2s.o
 *fill*         0x0000000008003746        0x2 
 .text.HAL_I2SEx_FullDuplex_IRQHandler
                0x0000000008003748      0x2a8 Drivers/STM32F4xx_HAL_Driver/Src/stm32f4xx_hal_i2s_ex.o
                0x0000000008003748                HAL_I2SEx_FullDuplex_IRQHandler
 .text.HAL_I2SEx_TxRxCpltCallback
                0x00000000080039f0       0x14 Drivers/STM32F4xx_HAL_Driver/Src/stm32f4xx_hal_i2s_ex.o
                0x00000000080039f0                HAL_I2SEx_TxRxCpltCallback
 .text.I2SEx_TxISR_I2S
                0x0000000008003a04       0x62 Drivers/STM32F4xx_HAL_Driver/Src/stm32f4xx_hal_i2s_ex.o
 *fill*         0x0000000008003a66        0x2 
 .text.I2SEx_TxISR_I2SExt
                0x0000000008003a68       0x98 Drivers/STM32F4xx_HAL_Driver/Src/stm32f4xx_hal_i2s_ex.o
 .text.I2SEx_RxISR_I2S
                0x0000000008003b00       0x64 Drivers/STM32F4xx_HAL_Driver/Src/stm32f4xx_hal_i2s_ex.o
 .text.I2SEx_RxISR_I2SExt
                0x0000000008003b64       0x98 Drivers/STM32F4xx_HAL_Driver/Src/stm32f4xx_hal_i2s_ex.o
 .text.HAL_RCC_OscConfig
                0x0000000008003bfc      0x4e0 Drivers/STM32F4xx_HAL_Driver/Src/stm32f4xx_hal_rcc.o
                0x0000000008003bfc                HAL_RCC_OscConfig
 .text.HAL_RCC_ClockConfig
                0x00000000080040dc      0x1cc Drivers/STM32F4xx_HAL_Driver/Src/stm32f4xx_hal_rcc.o
                0x00000000080040dc                HAL_RCC_ClockConfig
 .text.HAL_RCC_GetSysClockFreq
                0x00000000080042a8      0x1b0 Drivers/STM32F4xx_HAL_Driver/Src/stm32f4xx_hal_rcc.o
                0x00000000080042a8                HAL_RCC_GetSysClockFreq
 .text.HAL_RCC_GetHCLKFreq
                0x0000000008004458       0x18 Drivers/STM32F4xx_HAL_Driver/Src/stm32f4xx_hal_rcc.o
                0x0000000008004458                HAL_RCC_GetHCLKFreq
 .text.HAL_RCC_GetPCLK1Freq
                0x0000000008004470       0x28 Drivers/STM32F4xx_HAL_Driver/Src/stm32f4xx_hal_rcc.o
                0x0000000008004470                HAL_RCC_GetPCLK1Freq
 .text.HAL_RCC_GetPCLK2Freq
                0x0000000008004498       0x28 Drivers/STM32F4xx_HAL_Driver/Src/stm32f4xx_hal_rcc.o
                0x0000000008004498                HAL_RCC_GetPCLK2Freq
 .text.HAL_RCC_GetClockConfig
                0x00000000080044c0       0x64 Drivers/STM32F4xx_HAL_Driver/Src/stm32f4xx_hal_rcc.o
                0x00000000080044c0                HAL_RCC_GetClockConfig
 .text.HAL_RCCEx_PeriphCLKConfig
                0x0000000008004524      0x1c4 Drivers/STM32F4xx_HAL_Driver/Src/stm32f4xx_hal_rcc_ex.o
                0x0000000008004524                HAL_RCCEx_PeriphCLKConfig
 .text.HAL_RCCEx_GetPeriphCLKFreq
                0x00000000080046e8       0xb8 Drivers/STM32F4xx_HAL_Driver/Src/stm32f4xx_hal_rcc_ex.o
                0x00000000080046e8                HAL_RCCEx_GetPeriphCLKFreq
 .text.HAL_SPI_Init
                0x00000000080047a0       0xc8 Drivers/STM32F4xx_HAL_Driver/Src/stm32f4xx_hal_spi.o
                0x00000000080047a0                HAL_SPI_Init
 .text.HAL_TIM_Base_Init
                0x0000000008004868       0x56 Drivers/STM32F4xx_HAL_Driver/Src/stm32f4xx_hal_tim.o
                0x0000000008004868                HAL_TIM_Base_Init
 .text.HAL_TIM_Base_MspInit
                0x00000000080048be       0x14 Drivers/STM32F4xx_HAL_Driver/Src/stm32f4xx_hal_tim.o
                0x00000000080048be                HAL_TIM_Base_MspInit
 .text.HAL_TIM_Base_Start_IT
                0x00000000080048d2       0x48 Drivers/STM32F4xx_HAL_Driver/Src/stm32f4xx_hal_tim.o
                0x00000000080048d2                HAL_TIM_Base_Start_IT
 .text.HAL_TIM_IRQHandler
                0x000000000800491a      0x210 Drivers/STM32F4xx_HAL_Driver/Src/stm32f4xx_hal_tim.o
                0x000000000800491a                HAL_TIM_IRQHandler
 .text.HAL_TIM_OC_DelayElapsedCallback
                0x0000000008004b2a       0x14 Drivers/STM32F4xx_HAL_Driver/Src/stm32f4xx_hal_tim.o
                0x0000000008004b2a                HAL_TIM_OC_DelayElapsedCallback
 .text.HAL_TIM_IC_CaptureCallback
                0x0000000008004b3e       0x14 Drivers/STM32F4xx_HAL_Driver/Src/stm32f4xx_hal_tim.o
                0x0000000008004b3e                HAL_TIM_IC_CaptureCallback
 .text.HAL_TIM_PWM_PulseFinishedCallback
                0x0000000008004b52       0x14 Drivers/STM32F4xx_HAL_Driver/Src/stm32f4xx_hal_tim.o
                0x0000000008004b52                HAL_TIM_PWM_PulseFinishedCallback
 .text.HAL_TIM_TriggerCallback
                0x0000000008004b66       0x14 Drivers/STM32F4xx_HAL_Driver/Src/stm32f4xx_hal_tim.o
                0x0000000008004b66                HAL_TIM_TriggerCallback
 *fill*         0x0000000008004b7a        0x2 
 .text.TIM_Base_SetConfig
                0x0000000008004b7c      0x140 Drivers/STM32F4xx_HAL_Driver/Src/stm32f4xx_hal_tim.o
                0x0000000008004b7c                TIM_Base_SetConfig
 .text.HAL_TIMEx_CommutCallback
                0x0000000008004cbc       0x14 Drivers/STM32F4xx_HAL_Driver/Src/stm32f4xx_hal_tim_ex.o
                0x0000000008004cbc                HAL_TIMEx_CommutCallback
 .text.HAL_TIMEx_BreakCallback
                0x0000000008004cd0       0x14 Drivers/STM32F4xx_HAL_Driver/Src/stm32f4xx_hal_tim_ex.o
                0x0000000008004cd0                HAL_TIMEx_BreakCallback
 .text.HAL_UART_Init
                0x0000000008004ce4       0x9a Drivers/STM32F4xx_HAL_Driver/Src/stm32f4xx_hal_uart.o
                0x0000000008004ce4                HAL_UART_Init
 .text.HAL_UART_Transmit_IT
                0x0000000008004d7e       0x8a Drivers/STM32F4xx_HAL_Driver/Src/stm32f4xx_hal_uart.o
                0x0000000008004d7e                HAL_UART_Transmit_IT
 .text.HAL_UART_IRQHandler
                0x0000000008004e08      0x200 Drivers/STM32F4xx_HAL_Driver/Src/stm32f4xx_hal_uart.o
                0x0000000008004e08                HAL_UART_IRQHandler
 .text.HAL_UART_TxCpltCallback
                0x0000000008005008       0x14 Drivers/STM32F4xx_HAL_Driver/Src/stm32f4xx_hal_uart.o
                0x0000000008005008                HAL_UART_TxCpltCallback
 .text.HAL_UART_RxCpltCallback
                0x000000000800501c       0x14 Drivers/STM32F4xx_HAL_Driver/Src/stm32f4xx_hal_uart.o
                0x000000000800501c                HAL_UART_RxCpltCallback
 .text.HAL_UART_ErrorCallback
                0x0000000008005030       0x14 Drivers/STM32F4xx_HAL_Driver/Src/stm32f4xx_hal_uart.o
                0x0000000008005030                HAL_UART_ErrorCallback
 .text.UART_EndRxTransfer
                0x0000000008005044       0x3c Drivers/STM32F4xx_HAL_Driver/Src/stm32f4xx_hal_uart.o
 .text.UART_DMAAbortOnError
                0x0000000008005080       0x28 Drivers/STM32F4xx_HAL_Driver/Src/stm32f4xx_hal_uart.o
 .text.UART_Transmit_IT
                0x00000000080050a8       0xac Drivers/STM32F4xx_HAL_Driver/Src/stm32f4xx_hal_uart.o
 .text.UART_EndTransmit_IT
                0x0000000008005154       0x30 Drivers/STM32F4xx_HAL_Driver/Src/stm32f4xx_hal_uart.o
 .text.UART_Receive_IT
                0x0000000008005184      0x102 Drivers/STM32F4xx_HAL_Driver/Src/stm32f4xx_hal_uart.o
 *fill*         0x0000000008005286        0x2 
 .text.UART_SetConfig
                0x0000000008005288      0x6f8 Drivers/STM32F4xx_HAL_Driver/Src/stm32f4xx_hal_uart.o
 .text.USB_CoreInit
                0x0000000008005980       0xc2 Drivers/STM32F4xx_HAL_Driver/Src/stm32f4xx_ll_usb.o
                0x0000000008005980                USB_CoreInit
 .text.USB_EnableGlobalInt
                0x0000000008005a42       0x22 Drivers/STM32F4xx_HAL_Driver/Src/stm32f4xx_ll_usb.o
                0x0000000008005a42                USB_EnableGlobalInt
 .text.USB_DisableGlobalInt
                0x0000000008005a64       0x22 Drivers/STM32F4xx_HAL_Driver/Src/stm32f4xx_ll_usb.o
                0x0000000008005a64                USB_DisableGlobalInt
 .text.USB_SetCurrentMode
                0x0000000008005a86       0x54 Drivers/STM32F4xx_HAL_Driver/Src/stm32f4xx_ll_usb.o
                0x0000000008005a86                USB_SetCurrentMode
 *fill*         0x0000000008005ada        0x2 
 .text.USB_FlushTxFifo
                0x0000000008005adc       0x4c Drivers/STM32F4xx_HAL_Driver/Src/stm32f4xx_ll_usb.o
                0x0000000008005adc                USB_FlushTxFifo
 .text.USB_FlushRxFifo
                0x0000000008005b28       0x44 Drivers/STM32F4xx_HAL_Driver/Src/stm32f4xx_ll_usb.o
                0x0000000008005b28                USB_FlushRxFifo
 .text.USB_WritePacket
                0x0000000008005b6c       0x6a Drivers/STM32F4xx_HAL_Driver/Src/stm32f4xx_ll_usb.o
                0x0000000008005b6c                USB_WritePacket
 .text.USB_ReadPacket
                0x0000000008005bd6       0x52 Drivers/STM32F4xx_HAL_Driver/Src/stm32f4xx_ll_usb.o
                0x0000000008005bd6                USB_ReadPacket
 .text.USB_ReadInterrupts
                0x0000000008005c28       0x26 Drivers/STM32F4xx_HAL_Driver/Src/stm32f4xx_ll_usb.o
                0x0000000008005c28                USB_ReadInterrupts
 .text.USB_GetMode
                0x0000000008005c4e       0x1c Drivers/STM32F4xx_HAL_Driver/Src/stm32f4xx_ll_usb.o
                0x0000000008005c4e                USB_GetMode
 *fill*         0x0000000008005c6a        0x2 
 .text.USB_CoreReset
                0x0000000008005c6c       0x68 Drivers/STM32F4xx_HAL_Driver/Src/stm32f4xx_ll_usb.o
 .text.USB_HostInit
                0x0000000008005cd4      0x178 Drivers/STM32F4xx_HAL_Driver/Src/stm32f4xx_ll_usb.o
                0x0000000008005cd4                USB_HostInit
 .text.USB_InitFSLSPClkSel
                0x0000000008005e4c       0x74 Drivers/STM32F4xx_HAL_Driver/Src/stm32f4xx_ll_usb.o
                0x0000000008005e4c                USB_InitFSLSPClkSel
 .text.USB_ResetPort
                0x0000000008005ec0       0x54 Drivers/STM32F4xx_HAL_Driver/Src/stm32f4xx_ll_usb.o
                0x0000000008005ec0                USB_ResetPort
 .text.USB_DriveVbus
                0x0000000008005f14       0x72 Drivers/STM32F4xx_HAL_Driver/Src/stm32f4xx_ll_usb.o
                0x0000000008005f14                USB_DriveVbus
 .text.USB_GetHostSpeed
                0x0000000008005f86       0x2e Drivers/STM32F4xx_HAL_Driver/Src/stm32f4xx_ll_usb.o
                0x0000000008005f86                USB_GetHostSpeed
 .text.USB_GetCurrentFrame
                0x0000000008005fb4       0x22 Drivers/STM32F4xx_HAL_Driver/Src/stm32f4xx_ll_usb.o
                0x0000000008005fb4                USB_GetCurrentFrame
 *fill*         0x0000000008005fd6        0x2 
 .text.USB_HC_Init
                0x0000000008005fd8      0x214 Drivers/STM32F4xx_HAL_Driver/Src/stm32f4xx_ll_usb.o
                0x0000000008005fd8                USB_HC_Init
 .text.USB_HC_StartXfer
                0x00000000080061ec      0x28c Drivers/STM32F4xx_HAL_Driver/Src/stm32f4xx_ll_usb.o
                0x00000000080061ec                USB_HC_StartXfer
 .text.USB_HC_ReadInterrupt
                0x0000000008006478       0x22 Drivers/STM32F4xx_HAL_Driver/Src/stm32f4xx_ll_usb.o
                0x0000000008006478                USB_HC_ReadInterrupt
 .text.USB_HC_Halt
                0x000000000800649a      0x1fe Drivers/STM32F4xx_HAL_Driver/Src/stm32f4xx_ll_usb.o
                0x000000000800649a                USB_HC_Halt
 .text.USB_DoPing
                0x0000000008006698       0x78 Drivers/STM32F4xx_HAL_Driver/Src/stm32f4xx_ll_usb.o
                0x0000000008006698                USB_DoPing
 .text.USB_StopHost
                0x0000000008006710      0x10c Drivers/STM32F4xx_HAL_Driver/Src/stm32f4xx_ll_usb.o
                0x0000000008006710                USB_StopHost
 .text.MX_FATFS_Init
                0x000000000800681c       0x24 FATFS/App/fatfs.o
                0x000000000800681c                MX_FATFS_Init
 .text.USBH_initialize
                0x0000000008006840       0x18 FATFS/Target/usbh_diskio.o
                0x0000000008006840                USBH_initialize
 .text.USBH_status
                0x0000000008006858       0x38 FATFS/Target/usbh_diskio.o
                0x0000000008006858                USBH_status
 .text.USBH_read
                0x0000000008006890       0x70 FATFS/Target/usbh_diskio.o
                0x0000000008006890                USBH_read
 .text.USBH_write
                0x0000000008006900       0x84 FATFS/Target/usbh_diskio.o
                0x0000000008006900                USBH_write
 .text.USBH_ioctl
                0x0000000008006984       0xd8 FATFS/Target/usbh_diskio.o
                0x0000000008006984                USBH_ioctl
 .text.USBH_MSC_InterfaceInit
                0x0000000008006a5c      0x216 Middlewares/ST/STM32_USB_Host_Library/Class/MSC/Src/usbh_msc.o
 .text.USBH_MSC_InterfaceDeInit
                0x0000000008006c72       0x8c Middlewares/ST/STM32_USB_Host_Library/Class/MSC/Src/usbh_msc.o
 .text.USBH_MSC_ClassRequest
                0x0000000008006cfe       0xc8 Middlewares/ST/STM32_USB_Host_Library/Class/MSC/Src/usbh_msc.o
 *fill*         0x0000000008006dc6        0x2 
 .text.USBH_MSC_Process
                0x0000000008006dc8      0x558 Middlewares/ST/STM32_USB_Host_Library/Class/MSC/Src/usbh_msc.o
 .text.USBH_MSC_SOFProcess
                0x0000000008007320       0x16 Middlewares/ST/STM32_USB_Host_Library/Class/MSC/Src/usbh_msc.o
 .text.USBH_MSC_RdWrProcess
                0x0000000008007336      0x1e0 Middlewares/ST/STM32_USB_Host_Library/Class/MSC/Src/usbh_msc.o
 .text.USBH_MSC_UnitIsReady
                0x0000000008007516       0x4c Middlewares/ST/STM32_USB_Host_Library/Class/MSC/Src/usbh_msc.o
                0x0000000008007516                USBH_MSC_UnitIsReady
 .text.USBH_MSC_GetLUNInfo
                0x0000000008007562       0x48 Middlewares/ST/STM32_USB_Host_Library/Class/MSC/Src/usbh_msc.o
                0x0000000008007562                USBH_MSC_GetLUNInfo
 .text.USBH_MSC_Read
                0x00000000080075aa       0xd2 Middlewares/ST/STM32_USB_Host_Library/Class/MSC/Src/usbh_msc.o
                0x00000000080075aa                USBH_MSC_Read
 .text.USBH_MSC_Write
                0x000000000800767c       0xd2 Middlewares/ST/STM32_USB_Host_Library/Class/MSC/Src/usbh_msc.o
                0x000000000800767c                USBH_MSC_Write
 .text.USBH_MSC_BOT_REQ_Reset
                0x000000000800774e       0x3a Middlewares/ST/STM32_USB_Host_Library/Class/MSC/Src/usbh_msc_bot.o
                0x000000000800774e                USBH_MSC_BOT_REQ_Reset
 .text.USBH_MSC_BOT_REQ_GetMaxLUN
                0x0000000008007788       0x3c Middlewares/ST/STM32_USB_Host_Library/Class/MSC/Src/usbh_msc_bot.o
                0x0000000008007788                USBH_MSC_BOT_REQ_GetMaxLUN
 .text.USBH_MSC_BOT_Init
                0x00000000080077c4       0x44 Middlewares/ST/STM32_USB_Host_Library/Class/MSC/Src/usbh_msc_bot.o
                0x00000000080077c4                USBH_MSC_BOT_Init
 .text.USBH_MSC_BOT_Process
                0x0000000008007808      0x4bc Middlewares/ST/STM32_USB_Host_Library/Class/MSC/Src/usbh_msc_bot.o
                0x0000000008007808                USBH_MSC_BOT_Process
 .text.USBH_MSC_BOT_Abort
                0x0000000008007cc4       0x58 Middlewares/ST/STM32_USB_Host_Library/Class/MSC/Src/usbh_msc_bot.o
 .text.USBH_MSC_DecodeCSW
                0x0000000008007d1c       0x88 Middlewares/ST/STM32_USB_Host_Library/Class/MSC/Src/usbh_msc_bot.o
 .text.USBH_MSC_SCSI_TestUnitReady
                0x0000000008007da4       0x86 Middlewares/ST/STM32_USB_Host_Library/Class/MSC/Src/usbh_msc_scsi.o
                0x0000000008007da4                USBH_MSC_SCSI_TestUnitReady
 .text.USBH_MSC_SCSI_ReadCapacity
                0x0000000008007e2a       0xf6 Middlewares/ST/STM32_USB_Host_Library/Class/MSC/Src/usbh_msc_scsi.o
                0x0000000008007e2a                USBH_MSC_SCSI_ReadCapacity
 .text.USBH_MSC_SCSI_Inquiry
                0x0000000008007f20      0x14a Middlewares/ST/STM32_USB_Host_Library/Class/MSC/Src/usbh_msc_scsi.o
                0x0000000008007f20                USBH_MSC_SCSI_Inquiry
 .text.USBH_MSC_SCSI_RequestSense
                0x000000000800806a       0xf2 Middlewares/ST/STM32_USB_Host_Library/Class/MSC/Src/usbh_msc_scsi.o
                0x000000000800806a                USBH_MSC_SCSI_RequestSense
 .text.USBH_MSC_SCSI_Write
                0x000000000800815c       0xd6 Middlewares/ST/STM32_USB_Host_Library/Class/MSC/Src/usbh_msc_scsi.o
                0x000000000800815c                USBH_MSC_SCSI_Write
 .text.USBH_MSC_SCSI_Read
                0x0000000008008232       0xd6 Middlewares/ST/STM32_USB_Host_Library/Class/MSC/Src/usbh_msc_scsi.o
                0x0000000008008232                USBH_MSC_SCSI_Read
 .text.USBH_Init
                0x0000000008008308       0xb8 Middlewares/ST/STM32_USB_Host_Library/Core/Src/usbh_core.o
                0x0000000008008308                USBH_Init
 .text.DeInitStateMachine
                0x00000000080083c0       0xa8 Middlewares/ST/STM32_USB_Host_Library/Core/Src/usbh_core.o
 .text.USBH_RegisterClass
                0x0000000008008468       0x54 Middlewares/ST/STM32_USB_Host_Library/Core/Src/usbh_core.o
                0x0000000008008468                USBH_RegisterClass
 .text.USBH_SelectInterface
                0x00000000080084bc       0x38 Middlewares/ST/STM32_USB_Host_Library/Core/Src/usbh_core.o
                0x00000000080084bc                USBH_SelectInterface
 .text.USBH_FindInterface
                0x00000000080084f4       0x8c Middlewares/ST/STM32_USB_Host_Library/Core/Src/usbh_core.o
                0x00000000080084f4                USBH_FindInterface
 .text.USBH_Start
                0x0000000008008580       0x20 Middlewares/ST/STM32_USB_Host_Library/Core/Src/usbh_core.o
                0x0000000008008580                USBH_Start
 .text.USBH_Process
                0x00000000080085a0      0x4d4 Middlewares/ST/STM32_USB_Host_Library/Core/Src/usbh_core.o
                0x00000000080085a0                USBH_Process
 .text.USBH_HandleEnum
                0x0000000008008a74      0x458 Middlewares/ST/STM32_USB_Host_Library/Core/Src/usbh_core.o
 .text.USBH_LL_SetTimer
                0x0000000008008ecc       0x1e Middlewares/ST/STM32_USB_Host_Library/Core/Src/usbh_core.o
                0x0000000008008ecc                USBH_LL_SetTimer
 .text.USBH_LL_IncTimer
                0x0000000008008eea       0x24 Middlewares/ST/STM32_USB_Host_Library/Core/Src/usbh_core.o
                0x0000000008008eea                USBH_LL_IncTimer
 .text.USBH_HandleSof
                0x0000000008008f0e       0x30 Middlewares/ST/STM32_USB_Host_Library/Core/Src/usbh_core.o
 .text.USBH_LL_PortEnabled
                0x0000000008008f3e       0x34 Middlewares/ST/STM32_USB_Host_Library/Core/Src/usbh_core.o
                0x0000000008008f3e                USBH_LL_PortEnabled
 .text.USBH_LL_PortDisabled
                0x0000000008008f72       0x1c Middlewares/ST/STM32_USB_Host_Library/Core/Src/usbh_core.o
                0x0000000008008f72                USBH_LL_PortDisabled
 .text.USBH_LL_Connect
                0x0000000008008f8e       0x46 Middlewares/ST/STM32_USB_Host_Library/Core/Src/usbh_core.o
                0x0000000008008f8e                USBH_LL_Connect
 .text.USBH_LL_Disconnect
                0x0000000008008fd4       0x64 Middlewares/ST/STM32_USB_Host_Library/Core/Src/usbh_core.o
                0x0000000008008fd4                USBH_LL_Disconnect
 .text.USBH_Process_OS
                0x0000000008009038       0x2e Middlewares/ST/STM32_USB_Host_Library/Core/Src/usbh_core.o
 .text.USBH_LL_NotifyURBChange
                0x0000000008009066       0x2e Middlewares/ST/STM32_USB_Host_Library/Core/Src/usbh_core.o
                0x0000000008009066                USBH_LL_NotifyURBChange
 .text.USBH_Get_DevDesc
                0x0000000008009094       0x50 Middlewares/ST/STM32_USB_Host_Library/Core/Src/usbh_ctlreq.o
                0x0000000008009094                USBH_Get_DevDesc
 .text.USBH_Get_CfgDesc
                0x00000000080090e4       0x48 Middlewares/ST/STM32_USB_Host_Library/Core/Src/usbh_ctlreq.o
                0x00000000080090e4                USBH_Get_CfgDesc
 .text.USBH_Get_StringDesc
                0x000000000800912c       0x56 Middlewares/ST/STM32_USB_Host_Library/Core/Src/usbh_ctlreq.o
                0x000000000800912c                USBH_Get_StringDesc
 .text.USBH_GetDescriptor
                0x0000000008009182       0x6a Middlewares/ST/STM32_USB_Host_Library/Core/Src/usbh_ctlreq.o
                0x0000000008009182                USBH_GetDescriptor
 .text.USBH_SetAddress
                0x00000000080091ec       0x48 Middlewares/ST/STM32_USB_Host_Library/Core/Src/usbh_ctlreq.o
                0x00000000080091ec                USBH_SetAddress
 .text.USBH_SetCfg
                0x0000000008009234       0x46 Middlewares/ST/STM32_USB_Host_Library/Core/Src/usbh_ctlreq.o
                0x0000000008009234                USBH_SetCfg
 .text.USBH_SetFeature
                0x000000000800927a       0x48 Middlewares/ST/STM32_USB_Host_Library/Core/Src/usbh_ctlreq.o
                0x000000000800927a                USBH_SetFeature
 .text.USBH_ClrFeature
                0x00000000080092c2       0x48 Middlewares/ST/STM32_USB_Host_Library/Core/Src/usbh_ctlreq.o
                0x00000000080092c2                USBH_ClrFeature
 .text.USBH_ParseDevDesc
                0x000000000800930a       0xe0 Middlewares/ST/STM32_USB_Host_Library/Core/Src/usbh_ctlreq.o
 .text.USBH_ParseCfgDesc
                0x00000000080093ea      0x144 Middlewares/ST/STM32_USB_Host_Library/Core/Src/usbh_ctlreq.o
 .text.USBH_ParseInterfaceDesc
                0x000000000800952e       0x5e Middlewares/ST/STM32_USB_Host_Library/Core/Src/usbh_ctlreq.o
 .text.USBH_ParseEPDesc
                0x000000000800958c       0x5a Middlewares/ST/STM32_USB_Host_Library/Core/Src/usbh_ctlreq.o
 .text.USBH_ParseStringDesc
                0x00000000080095e6       0x66 Middlewares/ST/STM32_USB_Host_Library/Core/Src/usbh_ctlreq.o
 .text.USBH_GetNextDesc
                0x000000000800964c       0x36 Middlewares/ST/STM32_USB_Host_Library/Core/Src/usbh_ctlreq.o
                0x000000000800964c                USBH_GetNextDesc
 .text.USBH_CtlReq
                0x0000000008009682       0xb2 Middlewares/ST/STM32_USB_Host_Library/Core/Src/usbh_ctlreq.o
                0x0000000008009682                USBH_CtlReq
 .text.USBH_HandleControl
                0x0000000008009734      0x494 Middlewares/ST/STM32_USB_Host_Library/Core/Src/usbh_ctlreq.o
 .text.USBH_CtlSendSetup
                0x0000000008009bc8       0x34 Middlewares/ST/STM32_USB_Host_Library/Core/Src/usbh_ioreq.o
                0x0000000008009bc8                USBH_CtlSendSetup
 .text.USBH_CtlSendData
                0x0000000008009bfc       0x4a Middlewares/ST/STM32_USB_Host_Library/Core/Src/usbh_ioreq.o
                0x0000000008009bfc                USBH_CtlSendData
 .text.USBH_CtlReceiveData
                0x0000000008009c46       0x3c Middlewares/ST/STM32_USB_Host_Library/Core/Src/usbh_ioreq.o
                0x0000000008009c46                USBH_CtlReceiveData
 .text.USBH_BulkSendData
                0x0000000008009c82       0x4a Middlewares/ST/STM32_USB_Host_Library/Core/Src/usbh_ioreq.o
                0x0000000008009c82                USBH_BulkSendData
 .text.USBH_BulkReceiveData
                0x0000000008009ccc       0x3c Middlewares/ST/STM32_USB_Host_Library/Core/Src/usbh_ioreq.o
                0x0000000008009ccc                USBH_BulkReceiveData
 .text.USBH_OpenPipe
                0x0000000008009d08       0x3e Middlewares/ST/STM32_USB_Host_Library/Core/Src/usbh_pipes.o
                0x0000000008009d08                USBH_OpenPipe
 .text.USBH_ClosePipe
                0x0000000008009d46       0x20 Middlewares/ST/STM32_USB_Host_Library/Core/Src/usbh_pipes.o
                0x0000000008009d46                USBH_ClosePipe
 .text.USBH_AllocPipe
                0x0000000008009d66       0x42 Middlewares/ST/STM32_USB_Host_Library/Core/Src/usbh_pipes.o
                0x0000000008009d66                USBH_AllocPipe
 .text.USBH_FreePipe
                0x0000000008009da8       0x3c Middlewares/ST/STM32_USB_Host_Library/Core/Src/usbh_pipes.o
                0x0000000008009da8                USBH_FreePipe
 .text.USBH_GetFreePipe
                0x0000000008009de4       0x48 Middlewares/ST/STM32_USB_Host_Library/Core/Src/usbh_pipes.o
 .text.FATFS_LinkDriverEx
                0x0000000008009e2c       0x98 Middlewares/Third_Party/FatFs/src/ff_gen_drv.o
                0x0000000008009e2c                FATFS_LinkDriverEx
 .text.FATFS_LinkDriver
                0x0000000008009ec4       0x1e Middlewares/Third_Party/FatFs/src/ff_gen_drv.o
                0x0000000008009ec4                FATFS_LinkDriver
 .text.SVC_Setup
                0x0000000008009ee2        0xe Middlewares/Third_Party/FreeRTOS/Source/CMSIS_RTOS_V2/cmsis_os2.o
 .text.osKernelInitialize
                0x0000000008009ef0       0x68 Middlewares/Third_Party/FreeRTOS/Source/CMSIS_RTOS_V2/cmsis_os2.o
                0x0000000008009ef0                osKernelInitialize
 .text.osKernelStart
                0x0000000008009f58       0x6c Middlewares/Third_Party/FreeRTOS/Source/CMSIS_RTOS_V2/cmsis_os2.o
                0x0000000008009f58                osKernelStart
 .text.osThreadNew
                0x0000000008009fc4      0x14c Middlewares/Third_Party/FreeRTOS/Source/CMSIS_RTOS_V2/cmsis_os2.o
                0x0000000008009fc4                osThreadNew
 .text.osDelay  0x000000000800a110       0x5c Middlewares/Third_Party/FreeRTOS/Source/CMSIS_RTOS_V2/cmsis_os2.o
                0x000000000800a110                osDelay
 .text.osMessageQueueNew
                0x000000000800a16c      0x10c Middlewares/Third_Party/FreeRTOS/Source/CMSIS_RTOS_V2/cmsis_os2.o
                0x000000000800a16c                osMessageQueueNew
 .text.osMessageQueuePut
                0x000000000800a278       0xe8 Middlewares/Third_Party/FreeRTOS/Source/CMSIS_RTOS_V2/cmsis_os2.o
                0x000000000800a278                osMessageQueuePut
 .text.osMessageQueueGet
                0x000000000800a360       0xe4 Middlewares/Third_Party/FreeRTOS/Source/CMSIS_RTOS_V2/cmsis_os2.o
                0x000000000800a360                osMessageQueueGet
 .text.vApplicationGetIdleTaskMemory
                0x000000000800a444       0x34 Middlewares/Third_Party/FreeRTOS/Source/CMSIS_RTOS_V2/cmsis_os2.o
                0x000000000800a444                vApplicationGetIdleTaskMemory
 .text.vApplicationGetTimerTaskMemory
                0x000000000800a478       0x34 Middlewares/Third_Party/FreeRTOS/Source/CMSIS_RTOS_V2/cmsis_os2.o
                0x000000000800a478                vApplicationGetTimerTaskMemory
 .text.vListInitialise
                0x000000000800a4ac       0x40 Middlewares/Third_Party/FreeRTOS/Source/list.o
                0x000000000800a4ac                vListInitialise
 .text.vListInitialiseItem
                0x000000000800a4ec       0x1a Middlewares/Third_Party/FreeRTOS/Source/list.o
                0x000000000800a4ec                vListInitialiseItem
 .text.vListInsertEnd
                0x000000000800a506       0x48 Middlewares/Third_Party/FreeRTOS/Source/list.o
                0x000000000800a506                vListInsertEnd
 .text.vListInsert
                0x000000000800a54e       0x72 Middlewares/Third_Party/FreeRTOS/Source/list.o
                0x000000000800a54e                vListInsert
 .text.uxListRemove
                0x000000000800a5c0       0x54 Middlewares/Third_Party/FreeRTOS/Source/list.o
                0x000000000800a5c0                uxListRemove
 .text.xQueueGenericReset
                0x000000000800a614       0xd0 Middlewares/Third_Party/FreeRTOS/Source/queue.o
                0x000000000800a614                xQueueGenericReset
 .text.xQueueGenericCreateStatic
                0x000000000800a6e4       0xe6 Middlewares/Third_Party/FreeRTOS/Source/queue.o
                0x000000000800a6e4                xQueueGenericCreateStatic
 .text.xQueueGenericCreate
                0x000000000800a7ca       0x7e Middlewares/Third_Party/FreeRTOS/Source/queue.o
                0x000000000800a7ca                xQueueGenericCreate
 .text.prvInitialiseNewQueue
                0x000000000800a848       0x46 Middlewares/Third_Party/FreeRTOS/Source/queue.o
 *fill*         0x000000000800a88e        0x2 
 .text.xQueueGenericSend
                0x000000000800a890      0x1f4 Middlewares/Third_Party/FreeRTOS/Source/queue.o
                0x000000000800a890                xQueueGenericSend
 .text.xQueueGenericSendFromISR
                0x000000000800aa84      0x128 Middlewares/Third_Party/FreeRTOS/Source/queue.o
                0x000000000800aa84                xQueueGenericSendFromISR
 .text.xQueueReceive
                0x000000000800abac      0x1b8 Middlewares/Third_Party/FreeRTOS/Source/queue.o
                0x000000000800abac                xQueueReceive
 .text.xQueueReceiveFromISR
                0x000000000800ad64       0xfa Middlewares/Third_Party/FreeRTOS/Source/queue.o
                0x000000000800ad64                xQueueReceiveFromISR
 .text.prvCopyDataToQueue
                0x000000000800ae5e       0xd4 Middlewares/Third_Party/FreeRTOS/Source/queue.o
 .text.prvCopyDataFromQueue
                0x000000000800af32       0x4c Middlewares/Third_Party/FreeRTOS/Source/queue.o
 .text.prvUnlockQueue
                0x000000000800af7e       0xa4 Middlewares/Third_Party/FreeRTOS/Source/queue.o
 .text.prvIsQueueEmpty
                0x000000000800b022       0x2c Middlewares/Third_Party/FreeRTOS/Source/queue.o
 .text.prvIsQueueFull
                0x000000000800b04e       0x30 Middlewares/Third_Party/FreeRTOS/Source/queue.o
 *fill*         0x000000000800b07e        0x2 
 .text.vQueueAddToRegistry
                0x000000000800b080       0x50 Middlewares/Third_Party/FreeRTOS/Source/queue.o
                0x000000000800b080                vQueueAddToRegistry
 .text.vQueueWaitForMessageRestricted
                0x000000000800b0d0       0x68 Middlewares/Third_Party/FreeRTOS/Source/queue.o
                0x000000000800b0d0                vQueueWaitForMessageRestricted
 .text.xTaskCreateStatic
                0x000000000800b138       0xb4 Middlewares/Third_Party/FreeRTOS/Source/tasks.o
                0x000000000800b138                xTaskCreateStatic
 .text.xTaskCreate
                0x000000000800b1ec       0x8a Middlewares/Third_Party/FreeRTOS/Source/tasks.o
                0x000000000800b1ec                xTaskCreate
 .text.prvInitialiseNewTask
                0x000000000800b276      0x11c Middlewares/Third_Party/FreeRTOS/Source/tasks.o
 *fill*         0x000000000800b392        0x2 
 .text.prvAddNewTaskToReadyList
                0x000000000800b394       0xe0 Middlewares/Third_Party/FreeRTOS/Source/tasks.o
 .text.vTaskDelay
                0x000000000800b474       0x68 Middlewares/Third_Party/FreeRTOS/Source/tasks.o
                0x000000000800b474                vTaskDelay
 .text.vTaskStartScheduler
                0x000000000800b4dc       0xc8 Middlewares/Third_Party/FreeRTOS/Source/tasks.o
                0x000000000800b4dc                vTaskStartScheduler
 .text.vTaskSuspendAll
                0x000000000800b5a4       0x1c Middlewares/Third_Party/FreeRTOS/Source/tasks.o
                0x000000000800b5a4                vTaskSuspendAll
 .text.xTaskResumeAll
                0x000000000800b5c0      0x138 Middlewares/Third_Party/FreeRTOS/Source/tasks.o
                0x000000000800b5c0                xTaskResumeAll
 .text.xTaskGetTickCount
                0x000000000800b6f8       0x20 Middlewares/Third_Party/FreeRTOS/Source/tasks.o
                0x000000000800b6f8                xTaskGetTickCount
 .text.xTaskIncrementTick
                0x000000000800b718      0x170 Middlewares/Third_Party/FreeRTOS/Source/tasks.o
                0x000000000800b718                xTaskIncrementTick
 .text.vTaskSwitchContext
                0x000000000800b888       0xb8 Middlewares/Third_Party/FreeRTOS/Source/tasks.o
                0x000000000800b888                vTaskSwitchContext
 .text.vTaskPlaceOnEventList
                0x000000000800b940       0x48 Middlewares/Third_Party/FreeRTOS/Source/tasks.o
                0x000000000800b940                vTaskPlaceOnEventList
 .text.vTaskPlaceOnEventListRestricted
                0x000000000800b988       0x54 Middlewares/Third_Party/FreeRTOS/Source/tasks.o
                0x000000000800b988                vTaskPlaceOnEventListRestricted
 .text.xTaskRemoveFromEventList
                0x000000000800b9dc       0xc4 Middlewares/Third_Party/FreeRTOS/Source/tasks.o
                0x000000000800b9dc                xTaskRemoveFromEventList
 .text.vTaskInternalSetTimeOutState
                0x000000000800baa0       0x2c Middlewares/Third_Party/FreeRTOS/Source/tasks.o
                0x000000000800baa0                vTaskInternalSetTimeOutState
 .text.xTaskCheckForTimeOut
                0x000000000800bacc       0xc0 Middlewares/Third_Party/FreeRTOS/Source/tasks.o
                0x000000000800bacc                xTaskCheckForTimeOut
 .text.vTaskMissedYield
                0x000000000800bb8c       0x18 Middlewares/Third_Party/FreeRTOS/Source/tasks.o
                0x000000000800bb8c                vTaskMissedYield
 .text.prvIdleTask
                0x000000000800bba4       0x30 Middlewares/Third_Party/FreeRTOS/Source/tasks.o
 .text.prvInitialiseTaskLists
                0x000000000800bbd4       0x80 Middlewares/Third_Party/FreeRTOS/Source/tasks.o
 .text.prvCheckTasksWaitingTermination
                0x000000000800bc54       0x58 Middlewares/Third_Party/FreeRTOS/Source/tasks.o
 .text.prvDeleteTCB
                0x000000000800bcac       0x5c Middlewares/Third_Party/FreeRTOS/Source/tasks.o
 .text.prvResetNextTaskUnblockTime
                0x000000000800bd08       0x40 Middlewares/Third_Party/FreeRTOS/Source/tasks.o
 .text.xTaskGetSchedulerState
                0x000000000800bd48       0x3c Middlewares/Third_Party/FreeRTOS/Source/tasks.o
                0x000000000800bd48                xTaskGetSchedulerState
 .text.xTaskPriorityDisinherit
                0x000000000800bd84       0xd8 Middlewares/Third_Party/FreeRTOS/Source/tasks.o
                0x000000000800bd84                xTaskPriorityDisinherit
 .text.prvAddCurrentTaskToDelayedList
                0x000000000800be5c       0xa8 Middlewares/Third_Party/FreeRTOS/Source/tasks.o
 .text.xTimerCreateTimerTask
                0x000000000800bf04       0x90 Middlewares/Third_Party/FreeRTOS/Source/timers.o
                0x000000000800bf04                xTimerCreateTimerTask
 .text.xTimerGenericCommand
                0x000000000800bf94       0x98 Middlewares/Third_Party/FreeRTOS/Source/timers.o
                0x000000000800bf94                xTimerGenericCommand
 .text.prvProcessExpiredTimer
                0x000000000800c02c       0x98 Middlewares/Third_Party/FreeRTOS/Source/timers.o
 .text.prvTimerTask
                0x000000000800c0c4       0x24 Middlewares/Third_Party/FreeRTOS/Source/timers.o
 .text.prvProcessTimerOrBlockTask
                0x000000000800c0e8       0x9c Middlewares/Third_Party/FreeRTOS/Source/timers.o
 .text.prvGetNextExpireTime
                0x000000000800c184       0x48 Middlewares/Third_Party/FreeRTOS/Source/timers.o
 .text.prvSampleTimeNow
                0x000000000800c1cc       0x40 Middlewares/Third_Party/FreeRTOS/Source/timers.o
 .text.prvInsertTimerInActiveList
                0x000000000800c20c       0x84 Middlewares/Third_Party/FreeRTOS/Source/timers.o
 .text.prvProcessReceivedCommands
                0x000000000800c290      0x1b8 Middlewares/Third_Party/FreeRTOS/Source/timers.o
 .text.prvSwitchTimerLists
                0x000000000800c448       0xc8 Middlewares/Third_Party/FreeRTOS/Source/timers.o
 .text.prvCheckForValidListAndQueue
                0x000000000800c510       0x80 Middlewares/Third_Party/FreeRTOS/Source/timers.o
 .text.pxPortInitialiseStack
                0x000000000800c590       0x68 Middlewares/Third_Party/FreeRTOS/Source/portable/GCC/ARM_CM4F/port.o
                0x000000000800c590                pxPortInitialiseStack
 .text.prvTaskExitError
                0x000000000800c5f8       0x54 Middlewares/Third_Party/FreeRTOS/Source/portable/GCC/ARM_CM4F/port.o
 *fill*         0x000000000800c64c        0x4 
 .text.SVC_Handler
                0x000000000800c650       0x28 Middlewares/Third_Party/FreeRTOS/Source/portable/GCC/ARM_CM4F/port.o
                0x000000000800c650                SVC_Handler
 .text.prvPortStartFirstTask
                0x000000000800c678       0x28 Middlewares/Third_Party/FreeRTOS/Source/portable/GCC/ARM_CM4F/port.o
 .text.xPortStartScheduler
                0x000000000800c6a0      0x13c Middlewares/Third_Party/FreeRTOS/Source/portable/GCC/ARM_CM4F/port.o
                0x000000000800c6a0                xPortStartScheduler
 .text.vPortEnterCritical
                0x000000000800c7dc       0x5c Middlewares/Third_Party/FreeRTOS/Source/portable/GCC/ARM_CM4F/port.o
                0x000000000800c7dc                vPortEnterCritical
 .text.vPortExitCritical
                0x000000000800c838       0x50 Middlewares/Third_Party/FreeRTOS/Source/portable/GCC/ARM_CM4F/port.o
                0x000000000800c838                vPortExitCritical
 *fill*         0x000000000800c888        0x8 
 .text.PendSV_Handler
                0x000000000800c890       0x68 Middlewares/Third_Party/FreeRTOS/Source/portable/GCC/ARM_CM4F/port.o
                0x000000000800c890                PendSV_Handler
 .text.SysTick_Handler
                0x000000000800c8f8       0x40 Middlewares/Third_Party/FreeRTOS/Source/portable/GCC/ARM_CM4F/port.o
                0x000000000800c8f8                SysTick_Handler
 .text.vPortSetupTimerInterrupt
                0x000000000800c938       0x48 Middlewares/Third_Party/FreeRTOS/Source/portable/GCC/ARM_CM4F/port.o
                0x000000000800c938                vPortSetupTimerInterrupt
 .text.vPortEnableVFP
                0x000000000800c980       0x14 Middlewares/Third_Party/FreeRTOS/Source/portable/GCC/ARM_CM4F/port.o
 .text.vPortValidateInterruptPriority
                0x000000000800c994       0x7c Middlewares/Third_Party/FreeRTOS/Source/portable/GCC/ARM_CM4F/port.o
                0x000000000800c994                vPortValidateInterruptPriority
 .text.pvPortMalloc
                0x000000000800ca10      0x184 Middlewares/Third_Party/FreeRTOS/Source/portable/MemMang/heap_4.o
                0x000000000800ca10                pvPortMalloc
 .text.vPortFree
                0x000000000800cb94       0xb0 Middlewares/Third_Party/FreeRTOS/Source/portable/MemMang/heap_4.o
                0x000000000800cb94                vPortFree
 .text.prvHeapInit
                0x000000000800cc44       0xc4 Middlewares/Third_Party/FreeRTOS/Source/portable/MemMang/heap_4.o
 .text.prvInsertBlockIntoFreeList
                0x000000000800cd08       0xb4 Middlewares/Third_Party/FreeRTOS/Source/portable/MemMang/heap_4.o
 .text.MX_USB_HOST_Init
                0x000000000800cdbc       0x4c USB_HOST/App/usb_host.o
                0x000000000800cdbc                MX_USB_HOST_Init
 .text.USBH_UserProcess
                0x000000000800ce08       0x5c USB_HOST/App/usb_host.o
 .text.HAL_HCD_MspInit
                0x000000000800ce64       0xc4 USB_HOST/Target/usbh_conf.o
                0x000000000800ce64                HAL_HCD_MspInit
 .text.HAL_HCD_SOF_Callback
                0x000000000800cf28       0x1c USB_HOST/Target/usbh_conf.o
                0x000000000800cf28                HAL_HCD_SOF_Callback
 .text.HAL_HCD_Connect_Callback
                0x000000000800cf44       0x1c USB_HOST/Target/usbh_conf.o
                0x000000000800cf44                HAL_HCD_Connect_Callback
 .text.HAL_HCD_Disconnect_Callback
                0x000000000800cf60       0x1c USB_HOST/Target/usbh_conf.o
                0x000000000800cf60                HAL_HCD_Disconnect_Callback
 .text.HAL_HCD_HC_NotifyURBChange_Callback
                0x000000000800cf7c       0x24 USB_HOST/Target/usbh_conf.o
                0x000000000800cf7c                HAL_HCD_HC_NotifyURBChange_Callback
 .text.HAL_HCD_PortEnabled_Callback
                0x000000000800cfa0       0x1c USB_HOST/Target/usbh_conf.o
                0x000000000800cfa0                HAL_HCD_PortEnabled_Callback
 .text.HAL_HCD_PortDisabled_Callback
                0x000000000800cfbc       0x1c USB_HOST/Target/usbh_conf.o
                0x000000000800cfbc                HAL_HCD_PortDisabled_Callback
 .text.USBH_LL_Init
                0x000000000800cfd8       0x78 USB_HOST/Target/usbh_conf.o
                0x000000000800cfd8                USBH_LL_Init
 .text.USBH_LL_Start
                0x000000000800d050       0x36 USB_HOST/Target/usbh_conf.o
                0x000000000800d050                USBH_LL_Start
 .text.USBH_LL_Stop
                0x000000000800d086       0x36 USB_HOST/Target/usbh_conf.o
                0x000000000800d086                USBH_LL_Stop
 .text.USBH_LL_GetSpeed
                0x000000000800d0bc       0x4a USB_HOST/Target/usbh_conf.o
                0x000000000800d0bc                USBH_LL_GetSpeed
 .text.USBH_LL_ResetPort
                0x000000000800d106       0x36 USB_HOST/Target/usbh_conf.o
                0x000000000800d106                USBH_LL_ResetPort
 .text.USBH_LL_GetLastXferSize
                0x000000000800d13c       0x26 USB_HOST/Target/usbh_conf.o
                0x000000000800d13c                USBH_LL_GetLastXferSize
 .text.USBH_LL_OpenPipe
                0x000000000800d162       0x5e USB_HOST/Target/usbh_conf.o
                0x000000000800d162                USBH_LL_OpenPipe
 .text.USBH_LL_ClosePipe
                0x000000000800d1c0       0x3e USB_HOST/Target/usbh_conf.o
                0x000000000800d1c0                USBH_LL_ClosePipe
 .text.USBH_LL_SubmitURB
                0x000000000800d1fe       0x62 USB_HOST/Target/usbh_conf.o
                0x000000000800d1fe                USBH_LL_SubmitURB
 .text.USBH_LL_GetURBState
                0x000000000800d260       0x26 USB_HOST/Target/usbh_conf.o
                0x000000000800d260                USBH_LL_GetURBState
 .text.USBH_LL_DriverVBUS
                0x000000000800d286       0x2e USB_HOST/Target/usbh_conf.o
                0x000000000800d286                USBH_LL_DriverVBUS
 .text.USBH_LL_SetToggle
                0x000000000800d2b4       0x66 USB_HOST/Target/usbh_conf.o
                0x000000000800d2b4                USBH_LL_SetToggle
 .text.USBH_LL_GetToggle
                0x000000000800d31a       0x66 USB_HOST/Target/usbh_conf.o
                0x000000000800d31a                USBH_LL_GetToggle
 .text.USBH_Delay
                0x000000000800d380       0x16 USB_HOST/Target/usbh_conf.o
                0x000000000800d380                USBH_Delay
 *fill*         0x000000000800d396        0x2 
 .text.USBH_Get_USB_Status
                0x000000000800d398       0x58 USB_HOST/Target/usbh_conf.o
                0x000000000800d398                USBH_Get_USB_Status
 .text.MX_DriverVbusFS
                0x000000000800d3f0       0x38 USB_HOST/Target/usbh_platform.o
                0x000000000800d3f0                MX_DriverVbusFS
 .text.__errno  0x000000000800d428        0xc c:/st/stm32cubeide_1.4.0/stm32cubeide/plugins/com.st.stm32cube.ide.mcu.externaltools.gnu-tools-for-stm32.7-2018-q2-update.win32_1.5.0.202011040924/tools/bin/../lib/gcc/arm-none-eabi/7.3.1/../../../../arm-none-eabi/lib/thumb/v7e-m/fpv4-sp/hard\libc_nano.a(lib_a-errno.o)
                0x000000000800d428                __errno
 .text.__libc_init_array
                0x000000000800d434       0x48 c:/st/stm32cubeide_1.4.0/stm32cubeide/plugins/com.st.stm32cube.ide.mcu.externaltools.gnu-tools-for-stm32.7-2018-q2-update.win32_1.5.0.202011040924/tools/bin/../lib/gcc/arm-none-eabi/7.3.1/../../../../arm-none-eabi/lib/thumb/v7e-m/fpv4-sp/hard\libc_nano.a(lib_a-init.o)
                0x000000000800d434                __libc_init_array
 .text.malloc   0x000000000800d47c       0x10 c:/st/stm32cubeide_1.4.0/stm32cubeide/plugins/com.st.stm32cube.ide.mcu.externaltools.gnu-tools-for-stm32.7-2018-q2-update.win32_1.5.0.202011040924/tools/bin/../lib/gcc/arm-none-eabi/7.3.1/../../../../arm-none-eabi/lib/thumb/v7e-m/fpv4-sp/hard\libc_nano.a(lib_a-malloc.o)
                0x000000000800d47c                malloc
 .text.free     0x000000000800d48c       0x10 c:/st/stm32cubeide_1.4.0/stm32cubeide/plugins/com.st.stm32cube.ide.mcu.externaltools.gnu-tools-for-stm32.7-2018-q2-update.win32_1.5.0.202011040924/tools/bin/../lib/gcc/arm-none-eabi/7.3.1/../../../../arm-none-eabi/lib/thumb/v7e-m/fpv4-sp/hard\libc_nano.a(lib_a-malloc.o)
                0x000000000800d48c                free
 .text.memcpy   0x000000000800d49c       0x16 c:/st/stm32cubeide_1.4.0/stm32cubeide/plugins/com.st.stm32cube.ide.mcu.externaltools.gnu-tools-for-stm32.7-2018-q2-update.win32_1.5.0.202011040924/tools/bin/../lib/gcc/arm-none-eabi/7.3.1/../../../../arm-none-eabi/lib/thumb/v7e-m/fpv4-sp/hard\libc_nano.a(lib_a-memcpy-stub.o)
                0x000000000800d49c                memcpy
 .text.memset   0x000000000800d4b2       0x10 c:/st/stm32cubeide_1.4.0/stm32cubeide/plugins/com.st.stm32cube.ide.mcu.externaltools.gnu-tools-for-stm32.7-2018-q2-update.win32_1.5.0.202011040924/tools/bin/../lib/gcc/arm-none-eabi/7.3.1/../../../../arm-none-eabi/lib/thumb/v7e-m/fpv4-sp/hard\libc_nano.a(lib_a-memset.o)
                0x000000000800d4b2                memset
 *fill*         0x000000000800d4c2        0x2 
 .text._free_r  0x000000000800d4c4       0x9c c:/st/stm32cubeide_1.4.0/stm32cubeide/plugins/com.st.stm32cube.ide.mcu.externaltools.gnu-tools-for-stm32.7-2018-q2-update.win32_1.5.0.202011040924/tools/bin/../lib/gcc/arm-none-eabi/7.3.1/../../../../arm-none-eabi/lib/thumb/v7e-m/fpv4-sp/hard\libc_nano.a(lib_a-nano-freer.o)
                0x000000000800d4c4                _free_r
 .text._malloc_r
                0x000000000800d560       0xb4 c:/st/stm32cubeide_1.4.0/stm32cubeide/plugins/com.st.stm32cube.ide.mcu.externaltools.gnu-tools-for-stm32.7-2018-q2-update.win32_1.5.0.202011040924/tools/bin/../lib/gcc/arm-none-eabi/7.3.1/../../../../arm-none-eabi/lib/thumb/v7e-m/fpv4-sp/hard\libc_nano.a(lib_a-nano-mallocr.o)
                0x000000000800d560                _malloc_r
 .text._sbrk_r  0x000000000800d614       0x20 c:/st/stm32cubeide_1.4.0/stm32cubeide/plugins/com.st.stm32cube.ide.mcu.externaltools.gnu-tools-for-stm32.7-2018-q2-update.win32_1.5.0.202011040924/tools/bin/../lib/gcc/arm-none-eabi/7.3.1/../../../../arm-none-eabi/lib/thumb/v7e-m/fpv4-sp/hard\libc_nano.a(lib_a-sbrkr.o)
                0x000000000800d614                _sbrk_r
 .text.__malloc_lock
                0x000000000800d634        0x2 c:/st/stm32cubeide_1.4.0/stm32cubeide/plugins/com.st.stm32cube.ide.mcu.externaltools.gnu-tools-for-stm32.7-2018-q2-update.win32_1.5.0.202011040924/tools/bin/../lib/gcc/arm-none-eabi/7.3.1/../../../../arm-none-eabi/lib/thumb/v7e-m/fpv4-sp/hard\libc_nano.a(lib_a-mlock.o)
                0x000000000800d634                __malloc_lock
 .text.__malloc_unlock
                0x000000000800d636        0x2 c:/st/stm32cubeide_1.4.0/stm32cubeide/plugins/com.st.stm32cube.ide.mcu.externaltools.gnu-tools-for-stm32.7-2018-q2-update.win32_1.5.0.202011040924/tools/bin/../lib/gcc/arm-none-eabi/7.3.1/../../../../arm-none-eabi/lib/thumb/v7e-m/fpv4-sp/hard\libc_nano.a(lib_a-mlock.o)
                0x000000000800d636                __malloc_unlock
 *(.glue_7)
 .glue_7        0x000000000800d638        0x0 linker stubs
 *(.glue_7t)
 .glue_7t       0x000000000800d638        0x0 linker stubs
 *(.eh_frame)
 .eh_frame      0x000000000800d638        0x0 c:/st/stm32cubeide_1.4.0/stm32cubeide/plugins/com.st.stm32cube.ide.mcu.externaltools.gnu-tools-for-stm32.7-2018-q2-update.win32_1.5.0.202011040924/tools/bin/../lib/gcc/arm-none-eabi/7.3.1/thumb/v7e-m/fpv4-sp/hard/crtbegin.o
 *(.init)
 .init          0x000000000800d638        0x4 c:/st/stm32cubeide_1.4.0/stm32cubeide/plugins/com.st.stm32cube.ide.mcu.externaltools.gnu-tools-for-stm32.7-2018-q2-update.win32_1.5.0.202011040924/tools/bin/../lib/gcc/arm-none-eabi/7.3.1/thumb/v7e-m/fpv4-sp/hard/crti.o
                0x000000000800d638                _init
 .init          0x000000000800d63c        0x8 c:/st/stm32cubeide_1.4.0/stm32cubeide/plugins/com.st.stm32cube.ide.mcu.externaltools.gnu-tools-for-stm32.7-2018-q2-update.win32_1.5.0.202011040924/tools/bin/../lib/gcc/arm-none-eabi/7.3.1/thumb/v7e-m/fpv4-sp/hard/crtn.o
 *(.fini)
 .fini          0x000000000800d644        0x4 c:/st/stm32cubeide_1.4.0/stm32cubeide/plugins/com.st.stm32cube.ide.mcu.externaltools.gnu-tools-for-stm32.7-2018-q2-update.win32_1.5.0.202011040924/tools/bin/../lib/gcc/arm-none-eabi/7.3.1/thumb/v7e-m/fpv4-sp/hard/crti.o
                0x000000000800d644                _fini
 .fini          0x000000000800d648        0x8 c:/st/stm32cubeide_1.4.0/stm32cubeide/plugins/com.st.stm32cube.ide.mcu.externaltools.gnu-tools-for-stm32.7-2018-q2-update.win32_1.5.0.202011040924/tools/bin/../lib/gcc/arm-none-eabi/7.3.1/thumb/v7e-m/fpv4-sp/hard/crtn.o
                0x000000000800d650                . = ALIGN (0x4)
                0x000000000800d650                _etext = .

.vfp11_veneer   0x000000000800d650        0x0
 .vfp11_veneer  0x000000000800d650        0x0 linker stubs

.v4_bx          0x000000000800d650        0x0
 .v4_bx         0x000000000800d650        0x0 linker stubs

.iplt           0x000000000800d650        0x0
 .iplt          0x000000000800d650        0x0 c:/st/stm32cubeide_1.4.0/stm32cubeide/plugins/com.st.stm32cube.ide.mcu.externaltools.gnu-tools-for-stm32.7-2018-q2-update.win32_1.5.0.202011040924/tools/bin/../lib/gcc/arm-none-eabi/7.3.1/thumb/v7e-m/fpv4-sp/hard/crtbegin.o

.rodata         0x000000000800d650      0x134
                0x000000000800d650                . = ALIGN (0x4)
 *(.rodata)
 .rodata        0x000000000800d650       0x41 Core/Src/main.o
 *fill*         0x000000000800d691        0x3 
 .rodata        0x000000000800d694        0x4 Middlewares/ST/STM32_USB_Host_Library/Class/MSC/Src/usbh_msc.o
 .rodata        0x000000000800d698        0xb Middlewares/ST/STM32_USB_Host_Library/Core/Src/usbh_core.o
 *fill*         0x000000000800d6a3        0x1 
 .rodata        0x000000000800d6a4        0x5 Middlewares/Third_Party/FreeRTOS/Source/tasks.o
 *fill*         0x000000000800d6a9        0x3 
 .rodata        0x000000000800d6ac        0xd Middlewares/Third_Party/FreeRTOS/Source/timers.o
 *(.rodata*)
 *fill*         0x000000000800d6b9        0x3 
 .rodata.readFromMemory_attributes
                0x000000000800d6bc       0x24 Core/Src/main.o
                0x000000000800d6bc                readFromMemory_attributes
 .rodata.filter_attributes
                0x000000000800d6e0       0x24 Core/Src/main.o
                0x000000000800d6e0                filter_attributes
 .rodata.sendUART_attributes
                0x000000000800d704       0x24 Core/Src/main.o
                0x000000000800d704                sendUART_attributes
 .rodata.memoryToFilter_attributes
                0x000000000800d728       0x18 Core/Src/main.o
                0x000000000800d728                memoryToFilter_attributes
 .rodata.filterToUART_attributes
                0x000000000800d740       0x18 Core/Src/main.o
                0x000000000800d740                filterToUART_attributes
 .rodata.AHBPrescTable
                0x000000000800d758       0x10 Core/Src/system_stm32f4xx.o
                0x000000000800d758                AHBPrescTable
 .rodata.APBPrescTable
                0x000000000800d768        0x8 Core/Src/system_stm32f4xx.o
                0x000000000800d768                APBPrescTable
 .rodata.USBH_Driver
                0x000000000800d770       0x14 FATFS/Target/usbh_diskio.o
                0x000000000800d770                USBH_Driver
                0x000000000800d784                . = ALIGN (0x4)

.ARM.extab      0x000000000800d784        0x0
                0x000000000800d784                . = ALIGN (0x4)
 *(.ARM.extab* .gnu.linkonce.armextab.*)
                0x000000000800d784                . = ALIGN (0x4)

.ARM            0x000000000800d784        0x8
                0x000000000800d784                . = ALIGN (0x4)
                0x000000000800d784                __exidx_start = .
 *(.ARM.exidx*)
 .ARM.exidx     0x000000000800d784        0x8 c:/st/stm32cubeide_1.4.0/stm32cubeide/plugins/com.st.stm32cube.ide.mcu.externaltools.gnu-tools-for-stm32.7-2018-q2-update.win32_1.5.0.202011040924/tools/bin/../lib/gcc/arm-none-eabi/7.3.1/thumb/v7e-m/fpv4-sp/hard\libgcc.a(_udivmoddi4.o)
                0x000000000800d78c                __exidx_end = .
                0x000000000800d78c                . = ALIGN (0x4)

.rel.dyn        0x000000000800d78c        0x0
 .rel.iplt      0x000000000800d78c        0x0 c:/st/stm32cubeide_1.4.0/stm32cubeide/plugins/com.st.stm32cube.ide.mcu.externaltools.gnu-tools-for-stm32.7-2018-q2-update.win32_1.5.0.202011040924/tools/bin/../lib/gcc/arm-none-eabi/7.3.1/thumb/v7e-m/fpv4-sp/hard/crtbegin.o

.preinit_array  0x000000000800d78c        0x0
                0x000000000800d78c                . = ALIGN (0x4)
                0x000000000800d78c                PROVIDE (__preinit_array_start = .)
 *(.preinit_array*)
                0x000000000800d78c                PROVIDE (__preinit_array_end = .)
                0x000000000800d78c                . = ALIGN (0x4)

.init_array     0x000000000800d78c        0x4
                0x000000000800d78c                . = ALIGN (0x4)
                0x000000000800d78c                PROVIDE (__init_array_start = .)
 *(SORT_BY_NAME(.init_array.*))
 *(.init_array*)
 .init_array    0x000000000800d78c        0x4 c:/st/stm32cubeide_1.4.0/stm32cubeide/plugins/com.st.stm32cube.ide.mcu.externaltools.gnu-tools-for-stm32.7-2018-q2-update.win32_1.5.0.202011040924/tools/bin/../lib/gcc/arm-none-eabi/7.3.1/thumb/v7e-m/fpv4-sp/hard/crtbegin.o
                0x000000000800d790                PROVIDE (__init_array_end = .)
                0x000000000800d790                . = ALIGN (0x4)

.fini_array     0x000000000800d790        0x4
                0x000000000800d790                . = ALIGN (0x4)
                [!provide]                        PROVIDE (__fini_array_start = .)
 *(SORT_BY_NAME(.fini_array.*))
 *(.fini_array*)
 .fini_array    0x000000000800d790        0x4 c:/st/stm32cubeide_1.4.0/stm32cubeide/plugins/com.st.stm32cube.ide.mcu.externaltools.gnu-tools-for-stm32.7-2018-q2-update.win32_1.5.0.202011040924/tools/bin/../lib/gcc/arm-none-eabi/7.3.1/thumb/v7e-m/fpv4-sp/hard/crtbegin.o
                [!provide]                        PROVIDE (__fini_array_end = .)
                0x000000000800d794                . = ALIGN (0x4)
                0x000000000800d794                _sidata = LOADADDR (.data)

.data           0x0000000020000000       0x94 load address 0x000000000800d794
                0x0000000020000000                . = ALIGN (0x4)
                0x0000000020000000                _sdata = .
 *(.data)
 *(.data*)
 .data.SystemCoreClock
                0x0000000020000000        0x4 Core/Src/system_stm32f4xx.o
                0x0000000020000000                SystemCoreClock
 .data.uwTickPrio
                0x0000000020000004        0x4 Drivers/STM32F4xx_HAL_Driver/Src/stm32f4xx_hal.o
                0x0000000020000004                uwTickPrio
 .data.uwTickFreq
                0x0000000020000008        0x1 Drivers/STM32F4xx_HAL_Driver/Src/stm32f4xx_hal.o
                0x0000000020000008                uwTickFreq
 *fill*         0x0000000020000009        0x3 
 .data.USBH_msc
                0x000000002000000c       0x20 Middlewares/ST/STM32_USB_Host_Library/Class/MSC/Src/usbh_msc.o
                0x000000002000000c                USBH_msc
 .data.uxCriticalNesting
                0x000000002000002c        0x4 Middlewares/Third_Party/FreeRTOS/Source/portable/GCC/ARM_CM4F/port.o
 .data._impure_ptr
                0x0000000020000030        0x4 c:/st/stm32cubeide_1.4.0/stm32cubeide/plugins/com.st.stm32cube.ide.mcu.externaltools.gnu-tools-for-stm32.7-2018-q2-update.win32_1.5.0.202011040924/tools/bin/../lib/gcc/arm-none-eabi/7.3.1/../../../../arm-none-eabi/lib/thumb/v7e-m/fpv4-sp/hard\libc_nano.a(lib_a-impure.o)
                0x0000000020000030                _impure_ptr
 .data.impure_data
                0x0000000020000034       0x60 c:/st/stm32cubeide_1.4.0/stm32cubeide/plugins/com.st.stm32cube.ide.mcu.externaltools.gnu-tools-for-stm32.7-2018-q2-update.win32_1.5.0.202011040924/tools/bin/../lib/gcc/arm-none-eabi/7.3.1/../../../../arm-none-eabi/lib/thumb/v7e-m/fpv4-sp/hard\libc_nano.a(lib_a-impure.o)
 *(.RamFunc)
 *(.RamFunc*)
                0x0000000020000094                . = ALIGN (0x4)
                0x0000000020000094                _edata = .

.igot.plt       0x0000000020000094        0x0 load address 0x000000000800d828
 .igot.plt      0x0000000020000094        0x0 c:/st/stm32cubeide_1.4.0/stm32cubeide/plugins/com.st.stm32cube.ide.mcu.externaltools.gnu-tools-for-stm32.7-2018-q2-update.win32_1.5.0.202011040924/tools/bin/../lib/gcc/arm-none-eabi/7.3.1/thumb/v7e-m/fpv4-sp/hard/crtbegin.o
                0x0000000020000094                . = ALIGN (0x4)

.bss            0x0000000020000094     0x564c load address 0x000000000800d828
                0x0000000020000094                _sbss = .
                0x0000000020000094                __bss_start__ = _sbss
 *(.bss)
 .bss           0x0000000020000094       0x1c c:/st/stm32cubeide_1.4.0/stm32cubeide/plugins/com.st.stm32cube.ide.mcu.externaltools.gnu-tools-for-stm32.7-2018-q2-update.win32_1.5.0.202011040924/tools/bin/../lib/gcc/arm-none-eabi/7.3.1/thumb/v7e-m/fpv4-sp/hard/crtbegin.o
 *(.bss*)
 .bss.__sbrk_heap_end
                0x00000000200000b0        0x4 Core/Src/sysmem.o
 .bss.tmpreg.9058
                0x00000000200000b4        0x4 Drivers/STM32F4xx_HAL_Driver/Src/stm32f4xx_ll_usb.o
 .bss.disk      0x00000000200000b8        0xc Middlewares/Third_Party/FatFs/src/ff_gen_drv.o
                0x00000000200000b8                disk
 .bss.KernelState
                0x00000000200000c4        0x4 Middlewares/Third_Party/FreeRTOS/Source/CMSIS_RTOS_V2/cmsis_os2.o
 .bss.Idle_TCB  0x00000000200000c8       0x5c Middlewares/Third_Party/FreeRTOS/Source/CMSIS_RTOS_V2/cmsis_os2.o
 .bss.Idle_Stack
                0x0000000020000124      0x200 Middlewares/Third_Party/FreeRTOS/Source/CMSIS_RTOS_V2/cmsis_os2.o
 .bss.Timer_TCB
                0x0000000020000324       0x5c Middlewares/Third_Party/FreeRTOS/Source/CMSIS_RTOS_V2/cmsis_os2.o
 .bss.Timer_Stack
                0x0000000020000380      0x400 Middlewares/Third_Party/FreeRTOS/Source/CMSIS_RTOS_V2/cmsis_os2.o
 .bss.pxCurrentTCB
                0x0000000020000780        0x4 Middlewares/Third_Party/FreeRTOS/Source/tasks.o
                0x0000000020000780                pxCurrentTCB
 .bss.pxReadyTasksLists
                0x0000000020000784      0x460 Middlewares/Third_Party/FreeRTOS/Source/tasks.o
 .bss.xDelayedTaskList1
                0x0000000020000be4       0x14 Middlewares/Third_Party/FreeRTOS/Source/tasks.o
 .bss.xDelayedTaskList2
                0x0000000020000bf8       0x14 Middlewares/Third_Party/FreeRTOS/Source/tasks.o
 .bss.pxDelayedTaskList
                0x0000000020000c0c        0x4 Middlewares/Third_Party/FreeRTOS/Source/tasks.o
 .bss.pxOverflowDelayedTaskList
                0x0000000020000c10        0x4 Middlewares/Third_Party/FreeRTOS/Source/tasks.o
 .bss.xPendingReadyList
                0x0000000020000c14       0x14 Middlewares/Third_Party/FreeRTOS/Source/tasks.o
 .bss.xTasksWaitingTermination
                0x0000000020000c28       0x14 Middlewares/Third_Party/FreeRTOS/Source/tasks.o
 .bss.uxDeletedTasksWaitingCleanUp
                0x0000000020000c3c        0x4 Middlewares/Third_Party/FreeRTOS/Source/tasks.o
 .bss.xSuspendedTaskList
                0x0000000020000c40       0x14 Middlewares/Third_Party/FreeRTOS/Source/tasks.o
 .bss.uxCurrentNumberOfTasks
                0x0000000020000c54        0x4 Middlewares/Third_Party/FreeRTOS/Source/tasks.o
 .bss.xTickCount
                0x0000000020000c58        0x4 Middlewares/Third_Party/FreeRTOS/Source/tasks.o
 .bss.uxTopReadyPriority
                0x0000000020000c5c        0x4 Middlewares/Third_Party/FreeRTOS/Source/tasks.o
 .bss.xSchedulerRunning
                0x0000000020000c60        0x4 Middlewares/Third_Party/FreeRTOS/Source/tasks.o
 .bss.uxPendedTicks
                0x0000000020000c64        0x4 Middlewares/Third_Party/FreeRTOS/Source/tasks.o
 .bss.xYieldPending
                0x0000000020000c68        0x4 Middlewares/Third_Party/FreeRTOS/Source/tasks.o
 .bss.xNumOfOverflows
                0x0000000020000c6c        0x4 Middlewares/Third_Party/FreeRTOS/Source/tasks.o
 .bss.uxTaskNumber
                0x0000000020000c70        0x4 Middlewares/Third_Party/FreeRTOS/Source/tasks.o
 .bss.xNextTaskUnblockTime
                0x0000000020000c74        0x4 Middlewares/Third_Party/FreeRTOS/Source/tasks.o
 .bss.xIdleTaskHandle
                0x0000000020000c78        0x4 Middlewares/Third_Party/FreeRTOS/Source/tasks.o
 .bss.uxSchedulerSuspended
                0x0000000020000c7c        0x4 Middlewares/Third_Party/FreeRTOS/Source/tasks.o
 .bss.xActiveTimerList1
                0x0000000020000c80       0x14 Middlewares/Third_Party/FreeRTOS/Source/timers.o
 .bss.xActiveTimerList2
                0x0000000020000c94       0x14 Middlewares/Third_Party/FreeRTOS/Source/timers.o
 .bss.pxCurrentTimerList
                0x0000000020000ca8        0x4 Middlewares/Third_Party/FreeRTOS/Source/timers.o
 .bss.pxOverflowTimerList
                0x0000000020000cac        0x4 Middlewares/Third_Party/FreeRTOS/Source/timers.o
 .bss.xTimerQueue
                0x0000000020000cb0        0x4 Middlewares/Third_Party/FreeRTOS/Source/timers.o
 .bss.xTimerTaskHandle
                0x0000000020000cb4        0x4 Middlewares/Third_Party/FreeRTOS/Source/timers.o
 .bss.xLastTime.6741
                0x0000000020000cb8        0x4 Middlewares/Third_Party/FreeRTOS/Source/timers.o
 .bss.ucStaticTimerQueueStorage.6792
                0x0000000020000cbc       0xa0 Middlewares/Third_Party/FreeRTOS/Source/timers.o
 .bss.xStaticTimerQueue.6791
                0x0000000020000d5c       0x50 Middlewares/Third_Party/FreeRTOS/Source/timers.o
 .bss.ucMaxSysCallPriority
                0x0000000020000dac        0x1 Middlewares/Third_Party/FreeRTOS/Source/portable/GCC/ARM_CM4F/port.o
 *fill*         0x0000000020000dad        0x3 
 .bss.ulMaxPRIGROUPValue
                0x0000000020000db0        0x4 Middlewares/Third_Party/FreeRTOS/Source/portable/GCC/ARM_CM4F/port.o
 .bss.ucHeap    0x0000000020000db4     0x3c00 Middlewares/Third_Party/FreeRTOS/Source/portable/MemMang/heap_4.o
 .bss.xStart    0x00000000200049b4        0x8 Middlewares/Third_Party/FreeRTOS/Source/portable/MemMang/heap_4.o
 .bss.pxEnd     0x00000000200049bc        0x4 Middlewares/Third_Party/FreeRTOS/Source/portable/MemMang/heap_4.o
 .bss.xFreeBytesRemaining
                0x00000000200049c0        0x4 Middlewares/Third_Party/FreeRTOS/Source/portable/MemMang/heap_4.o
 .bss.xMinimumEverFreeBytesRemaining
                0x00000000200049c4        0x4 Middlewares/Third_Party/FreeRTOS/Source/portable/MemMang/heap_4.o
 .bss.xBlockAllocatedBit
                0x00000000200049c8        0x4 Middlewares/Third_Party/FreeRTOS/Source/portable/MemMang/heap_4.o
 .bss.Appli_state
                0x00000000200049cc        0x1 USB_HOST/App/usb_host.o
                0x00000000200049cc                Appli_state
 *fill*         0x00000000200049cd        0x3 
 .bss.__malloc_free_list
                0x00000000200049d0        0x4 c:/st/stm32cubeide_1.4.0/stm32cubeide/plugins/com.st.stm32cube.ide.mcu.externaltools.gnu-tools-for-stm32.7-2018-q2-update.win32_1.5.0.202011040924/tools/bin/../lib/gcc/arm-none-eabi/7.3.1/../../../../arm-none-eabi/lib/thumb/v7e-m/fpv4-sp/hard\libc_nano.a(lib_a-nano-mallocr.o)
                0x00000000200049d0                __malloc_free_list
 .bss.__malloc_sbrk_start
                0x00000000200049d4        0x4 c:/st/stm32cubeide_1.4.0/stm32cubeide/plugins/com.st.stm32cube.ide.mcu.externaltools.gnu-tools-for-stm32.7-2018-q2-update.win32_1.5.0.202011040924/tools/bin/../lib/gcc/arm-none-eabi/7.3.1/../../../../arm-none-eabi/lib/thumb/v7e-m/fpv4-sp/hard\libc_nano.a(lib_a-nano-mallocr.o)
                0x00000000200049d4                __malloc_sbrk_start
 *(COMMON)
 COMMON         0x00000000200049d8      0x148 Core/Src/main.o
                0x00000000200049d8                memoryToFilterHandle
                0x00000000200049dc                readFromMemoryHandle
                0x00000000200049e0                filterToUARTHandle
                0x00000000200049e4                hi2c1
                0x0000000020004a38                sendUARTHandle
                0x0000000020004a3c                filterHandle
                0x0000000020004a40                hspi1
                0x0000000020004a98                huart2
                0x0000000020004ad8                hi2s3
 COMMON         0x0000000020004b20       0x40 Core/Src/stm32f4xx_hal_timebase_tim.o
                0x0000000020004b20                htim6
 COMMON         0x0000000020004b60        0x4 Drivers/STM32F4xx_HAL_Driver/Src/stm32f4xx_hal.o
                0x0000000020004b60                uwTick
 COMMON         0x0000000020004b64      0x469 FATFS/App/fatfs.o
                0x0000000020004b64                USBHPath
                0x0000000020004b68                USBHFile
                0x0000000020004d98                USBHFatFS
                0x0000000020004fcc                retUSBH
 *fill*         0x0000000020004fcd        0x3 
 COMMON         0x0000000020004fd0       0x24 Middlewares/ST/STM32_USB_Host_Library/Core/Src/usbh_core.o
                0x0000000020004fd0                USBH_Thread_Atrr
 COMMON         0x0000000020004ff4       0x40 Middlewares/Third_Party/FreeRTOS/Source/queue.o
                0x0000000020004ff4                xQueueRegistry
 COMMON         0x0000000020005034      0x3e4 USB_HOST/App/usb_host.o
                0x0000000020005034                hUsbHostFS
 COMMON         0x0000000020005418      0x2c4 USB_HOST/Target/usbh_conf.o
                0x0000000020005418                hhcd_USB_OTG_FS
 COMMON         0x00000000200056dc        0x4 c:/st/stm32cubeide_1.4.0/stm32cubeide/plugins/com.st.stm32cube.ide.mcu.externaltools.gnu-tools-for-stm32.7-2018-q2-update.win32_1.5.0.202011040924/tools/bin/../lib/gcc/arm-none-eabi/7.3.1/../../../../arm-none-eabi/lib/thumb/v7e-m/fpv4-sp/hard\libc_nano.a(lib_a-reent.o)
                0x00000000200056dc                errno
                0x00000000200056e0                . = ALIGN (0x4)
                0x00000000200056e0                _ebss = .
                0x00000000200056e0                __bss_end__ = _ebss

._user_heap_stack
                0x00000000200056e0     0x4000 load address 0x000000000800d828
                0x00000000200056e0                . = ALIGN (0x8)
                [!provide]                        PROVIDE (end = .)
                0x00000000200056e0                PROVIDE (_end = .)
                0x00000000200076e0                . = (. + _Min_Heap_Size)
 *fill*         0x00000000200056e0     0x2000 
                0x00000000200096e0                . = (. + _Min_Stack_Size)
 *fill*         0x00000000200076e0     0x2000 
                0x00000000200096e0                . = ALIGN (0x8)

/DISCARD/
 libc.a(*)
 libm.a(*)
 libgcc.a(*)

.ARM.attributes
                0x0000000000000000       0x30
 *(.ARM.attributes)
 .ARM.attributes
                0x0000000000000000       0x22 c:/st/stm32cubeide_1.4.0/stm32cubeide/plugins/com.st.stm32cube.ide.mcu.externaltools.gnu-tools-for-stm32.7-2018-q2-update.win32_1.5.0.202011040924/tools/bin/../lib/gcc/arm-none-eabi/7.3.1/thumb/v7e-m/fpv4-sp/hard/crti.o
 .ARM.attributes
                0x0000000000000022       0x34 c:/st/stm32cubeide_1.4.0/stm32cubeide/plugins/com.st.stm32cube.ide.mcu.externaltools.gnu-tools-for-stm32.7-2018-q2-update.win32_1.5.0.202011040924/tools/bin/../lib/gcc/arm-none-eabi/7.3.1/thumb/v7e-m/fpv4-sp/hard/crtbegin.o
 .ARM.attributes
                0x0000000000000056       0x39 Core/Src/main.o
 .ARM.attributes
                0x000000000000008f       0x39 Core/Src/stm32f4xx_hal_msp.o
 .ARM.attributes
                0x00000000000000c8       0x39 Core/Src/stm32f4xx_hal_timebase_tim.o
 .ARM.attributes
                0x0000000000000101       0x39 Core/Src/stm32f4xx_it.o
 .ARM.attributes
                0x000000000000013a       0x39 Core/Src/sysmem.o
 .ARM.attributes